SUMMARY OF JOB INFORMATION
  STEP      INC     ATT  ITRS     TOT TIME     STEP TIME      INC TIME
     1          1     1     8  0.100000E-01  0.100000E-01  0.100000E-01
     1          2     1     4  0.200000E-01  0.200000E-01  0.100000E-01
     1          3     1     3  0.300000E-01  0.300000E-01  0.100000E-01
     1          4     1     3  0.450000E-01  0.450000E-01  0.150000E-01
     1          5     1     3  0.650000E-01  0.650000E-01  0.200000E-01
     1          6     1     5  0.850000E-01  0.850000E-01  0.200000E-01
     1          7     1     3  0.105000E+00  0.105000E+00  0.200000E-01
     1          8     1     3  0.125000E+00  0.125000E+00  0.200000E-01
     1          9     1     3  0.145000E+00  0.145000E+00  0.200000E-01
     1         10     1     3  0.165000E+00  0.165000E+00  0.200000E-01
     1         11     1     4  0.185000E+00  0.185000E+00  0.200000E-01
     1         12     1     2  0.205000E+00  0.205000E+00  0.200000E-01
     1         13     1     2  0.225000E+00  0.225000E+00  0.200000E-01
     1         14     1     2  0.245000E+00  0.245000E+00  0.200000E-01
     1         15     1     4  0.265000E+00  0.265000E+00  0.200000E-01
     1         16     1     5  0.285000E+00  0.285000E+00  0.200000E-01
     1         17     1     6  0.305000E+00  0.305000E+00  0.200000E-01
     1         18     1    10  0.325000E+00  0.325000E+00  0.200000E-01
     1         19     1     6  0.345000E+00  0.345000E+00  0.200000E-01
     1         20     1     7  0.365000E+00  0.365000E+00  0.200000E-01
     1         21     1    10  0.385000E+00  0.385000E+00  0.200000E-01
     1         22     1U   13  0.385000E+00  0.385000E+00  0.200000E-01
     1         22     2     6  0.390000E+00  0.390000E+00  0.500000E-02
     1         23     1     9  0.395000E+00  0.395000E+00  0.500000E-02
     1         24     1    10  0.400000E+00  0.400000E+00  0.500000E-02
     1         25     1     5  0.405000E+00  0.405000E+00  0.500000E-02
     1         25     1     2  0.405000E+00  0.405000E+00  0.500000E-02
     1         25     1     2  0.405000E+00  0.405000E+00  0.500000E-02
     1         25     1     2  0.405000E+00  0.405000E+00  0.500000E-02
     1         25     1     2  0.405000E+00  0.405000E+00  0.500000E-02
     1         25     1     2  0.405000E+00  0.405000E+00  0.500000E-02
     1         25     1     2  0.405000E+00  0.405000E+00  0.500000E-02
     1         25     1     2  0.405000E+00  0.405000E+00  0.500000E-02
     1         25     1     2  0.405000E+00  0.405000E+00  0.500000E-02
     1         26     1U   12  0.405000E+00  0.405000E+00  0.200000E-01
     1         26     2U    9  0.405000E+00  0.405000E+00  0.500000E-02
     1         26     3     4  0.406250E+00  0.406250E+00  0.125000E-02
     1         26     1     2  0.406250E+00  0.406250E+00  0.125000E-02
     1         26     1     2  0.406250E+00  0.406250E+00  0.125000E-02
     1         26     1     2  0.406250E+00  0.406250E+00  0.125000E-02
     1         26     1     2  0.406250E+00  0.406250E+00  0.125000E-02
     1         26     1     2  0.406250E+00  0.406250E+00  0.125000E-02
     1         26     1     2  0.406250E+00  0.406250E+00  0.125000E-02
     1         26     1     2  0.406250E+00  0.406250E+00  0.125000E-02
     1         26     1     2  0.406250E+00  0.406250E+00  0.125000E-02
     1         27     1     4  0.408125E+00  0.408125E+00  0.187500E-02
     1         27     1     2  0.408125E+00  0.408125E+00  0.187500E-02
     1         27     1     2  0.408125E+00  0.408125E+00  0.187500E-02
     1         27     1     2  0.408125E+00  0.408125E+00  0.187500E-02
     1         27     1     2  0.408125E+00  0.408125E+00  0.187500E-02
     1         27     1     2  0.408125E+00  0.408125E+00  0.187500E-02
     1         27     1     2  0.408125E+00  0.408125E+00  0.187500E-02
     1         27     1     2  0.408125E+00  0.408125E+00  0.187500E-02
     1         27     1     2  0.408125E+00  0.408125E+00  0.187500E-02
     1         28     1     9  0.410938E+00  0.410938E+00  0.281250E-02
     1         28     1     2  0.410938E+00  0.410938E+00  0.281250E-02
     1         28     1     2  0.410938E+00  0.410938E+00  0.281250E-02
     1         28     1     2  0.410938E+00  0.410938E+00  0.281250E-02
     1         28     1     2  0.410938E+00  0.410938E+00  0.281250E-02
     1         28     1     2  0.410938E+00  0.410938E+00  0.281250E-02
     1         28     1     2  0.410938E+00  0.410938E+00  0.281250E-02
     1         28     1     2  0.410938E+00  0.410938E+00  0.281250E-02
     1         28     1     2  0.410938E+00  0.410938E+00  0.281250E-02
     1         29     1U   10  0.410938E+00  0.410938E+00  0.421875E-02
     1         29     2    10  0.411992E+00  0.411992E+00  0.105469E-02
     1         29     1     2  0.411992E+00  0.411992E+00  0.105469E-02
     1         29     1     2  0.411992E+00  0.411992E+00  0.105469E-02
     1         29     1     2  0.411992E+00  0.411992E+00  0.105469E-02
     1         29     1     2  0.411992E+00  0.411992E+00  0.105469E-02
     1         29     1     2  0.411992E+00  0.411992E+00  0.105469E-02
     1         29     1     2  0.411992E+00  0.411992E+00  0.105469E-02
     1         29     1     2  0.411992E+00  0.411992E+00  0.105469E-02
     1         29     1     2  0.411992E+00  0.411992E+00  0.105469E-02
     1         30     1U    7  0.411992E+00  0.411992E+00  0.158203E-02
     1         30     2    10  0.412388E+00  0.412388E+00  0.395508E-03
     1         30     1     3  0.412388E+00  0.412388E+00  0.395508E-03
     1         30     1     3  0.412388E+00  0.412388E+00  0.395508E-03
     1         30     1     3  0.412388E+00  0.412388E+00  0.395508E-03
     1         30     1     3  0.412388E+00  0.412388E+00  0.395508E-03
     1         30     1     3  0.412388E+00  0.412388E+00  0.395508E-03
     1         30     1     3  0.412388E+00  0.412388E+00  0.395508E-03
     1         30     1     3  0.412388E+00  0.412388E+00  0.395508E-03
     1         30     1     3  0.412388E+00  0.412388E+00  0.395508E-03
     1         31     1     9  0.412981E+00  0.412981E+00  0.593262E-03
     1         31     1     2  0.412981E+00  0.412981E+00  0.593262E-03
     1         31     1     2  0.412981E+00  0.412981E+00  0.593262E-03
     1         31     1     2  0.412981E+00  0.412981E+00  0.593262E-03
     1         31     1     2  0.412981E+00  0.412981E+00  0.593262E-03
     1         31     1     2  0.412981E+00  0.412981E+00  0.593262E-03
     1         31     1     2  0.412981E+00  0.412981E+00  0.593262E-03
     1         31     1     2  0.412981E+00  0.412981E+00  0.593262E-03
     1         31     1     2  0.412981E+00  0.412981E+00  0.593262E-03
     1         32     1U   15  0.412981E+00  0.412981E+00  0.889893E-03
     1         32     2U    4  0.412981E+00  0.412981E+00  0.222473E-03
     1         32     3     3  0.413037E+00  0.413037E+00  0.556183E-04
     1         32     1     2  0.413037E+00  0.413037E+00  0.556183E-04
     1         32     1     2  0.413037E+00  0.413037E+00  0.556183E-04
     1         32     1     2  0.413037E+00  0.413037E+00  0.556183E-04
     1         32     1     2  0.413037E+00  0.413037E+00  0.556183E-04
     1         32     1     2  0.413037E+00  0.413037E+00  0.556183E-04
     1         32     1     2  0.413037E+00  0.413037E+00  0.556183E-04
     1         32     1     2  0.413037E+00  0.413037E+00  0.556183E-04
     1         32     1     2  0.413037E+00  0.413037E+00  0.556183E-04
     1         33     1     4  0.413120E+00  0.413120E+00  0.834274E-04
     1         34     1     7  0.413245E+00  0.413245E+00  0.125141E-03
     1         34     1     2  0.413245E+00  0.413245E+00  0.125141E-03
     1         34     1     2  0.413245E+00  0.413245E+00  0.125141E-03
     1         34     1     2  0.413245E+00  0.413245E+00  0.125141E-03
     1         34     1     2  0.413245E+00  0.413245E+00  0.125141E-03
     1         34     1     2  0.413245E+00  0.413245E+00  0.125141E-03
     1         34     1     2  0.413245E+00  0.413245E+00  0.125141E-03
     1         34     1     2  0.413245E+00  0.413245E+00  0.125141E-03
     1         34     1     2  0.413245E+00  0.413245E+00  0.125141E-03
     1         35     1    10  0.413433E+00  0.413433E+00  0.187712E-03
     1         35     1     2  0.413433E+00  0.413433E+00  0.187712E-03
     1         35     1     2  0.413433E+00  0.413433E+00  0.187712E-03
     1         35     1     2  0.413433E+00  0.413433E+00  0.187712E-03
     1         35     1     2  0.413433E+00  0.413433E+00  0.187712E-03
     1         35     1     2  0.413433E+00  0.413433E+00  0.187712E-03
     1         35     1     3  0.413433E+00  0.413433E+00  0.187712E-03
     1         35     1     2  0.413433E+00  0.413433E+00  0.187712E-03
     1         35     1     2  0.413433E+00  0.413433E+00  0.187712E-03
     1         36     1U   10  0.413433E+00  0.413433E+00  0.281568E-03
     1         36     2     4  0.413503E+00  0.413503E+00  0.703919E-04
     1         37     1     9  0.413574E+00  0.413574E+00  0.703919E-04
     1         37     1     2  0.413574E+00  0.413574E+00  0.703919E-04
     1         37     1     2  0.413574E+00  0.413574E+00  0.703919E-04
     1         37     1     2  0.413574E+00  0.413574E+00  0.703919E-04
     1         37     1     2  0.413574E+00  0.413574E+00  0.703919E-04
     1         37     1     2  0.413574E+00  0.413574E+00  0.703919E-04
     1         37     1     2  0.413574E+00  0.413574E+00  0.703919E-04
     1         37     1     2  0.413574E+00  0.413574E+00  0.703919E-04
     1         37     1     2  0.413574E+00  0.413574E+00  0.703919E-04
     1         38     1     6  0.413679E+00  0.413679E+00  0.105588E-03
     1         38     1     2  0.413679E+00  0.413679E+00  0.105588E-03
     1         38     1     2  0.413679E+00  0.413679E+00  0.105588E-03
     1         38     1     2  0.413679E+00  0.413679E+00  0.105588E-03
     1         38     1     2  0.413679E+00  0.413679E+00  0.105588E-03
     1         38     1     2  0.413679E+00  0.413679E+00  0.105588E-03
     1         38     1     2  0.413679E+00  0.413679E+00  0.105588E-03
     1         38     1     2  0.413679E+00  0.413679E+00  0.105588E-03
     1         38     1     2  0.413679E+00  0.413679E+00  0.105588E-03
     1         39     1    10  0.413838E+00  0.413838E+00  0.158382E-03
     1         39     1     3  0.413838E+00  0.413838E+00  0.158382E-03
     1         39     1     2  0.413838E+00  0.413838E+00  0.158382E-03
     1         39     1     4  0.413838E+00  0.413838E+00  0.158382E-03
     1         39     1     4  0.413838E+00  0.413838E+00  0.158382E-03
     1         39     1     4  0.413838E+00  0.413838E+00  0.158382E-03
     1         39     1     4  0.413838E+00  0.413838E+00  0.158382E-03
     1         39     1     4  0.413838E+00  0.413838E+00  0.158382E-03
     1         39     1     4  0.413838E+00  0.413838E+00  0.158382E-03
     1         40     1U    6  0.413838E+00  0.413838E+00  0.237573E-03
     1         40     2     5  0.413897E+00  0.413897E+00  0.593932E-04
     1         40     1     2  0.413897E+00  0.413897E+00  0.593932E-04
     1         40     1     2  0.413897E+00  0.413897E+00  0.593932E-04
     1         40     1     2  0.413897E+00  0.413897E+00  0.593932E-04
     1         40     1     2  0.413897E+00  0.413897E+00  0.593932E-04
     1         40     1     2  0.413897E+00  0.413897E+00  0.593932E-04
     1         40     1     2  0.413897E+00  0.413897E+00  0.593932E-04
     1         40     1     2  0.413897E+00  0.413897E+00  0.593932E-04
     1         40     1     2  0.413897E+00  0.413897E+00  0.593932E-04
     1         41     1U    8  0.413897E+00  0.413897E+00  0.890897E-04
     1         41     2     3  0.413942E+00  0.413942E+00  0.445449E-04
     1         42     1     5  0.413986E+00  0.413986E+00  0.445449E-04
     1         43     1    10  0.414031E+00  0.414031E+00  0.445449E-04
     1         43     1    13  0.414031E+00  0.414031E+00  0.445449E-04
     1         43     1    13  0.414031E+00  0.414031E+00  0.445449E-04
     1         43     1    15  0.414031E+00  0.414031E+00  0.445449E-04
     1         43     1    16  0.414031E+00  0.414031E+00  0.445449E-04
     1         43     1U   16  0.413986E+00  0.413986E+00  0.445449E-04
     1         43     1    14  0.414031E+00  0.414031E+00  0.445449E-04
     1         43     1U   16  0.413986E+00  0.413986E+00  0.445449E-04
     1         43     1    15  0.414031E+00  0.414031E+00  0.445449E-04
     1         43     1U   16  0.413986E+00  0.413986E+00  0.445449E-04
     1         43     1    15  0.414031E+00  0.414031E+00  0.445449E-04
     1         43     1U   16  0.413986E+00  0.413986E+00  0.445449E-04
     1         43     1    16  0.414031E+00  0.414031E+00  0.445449E-04
     1         43     1     3  0.414031E+00  0.414031E+00  0.445449E-04
     1         43     1     3  0.414031E+00  0.414031E+00  0.445449E-04
     1         44     1     3  0.414097E+00  0.414097E+00  0.668173E-04
     1         45     1     3  0.414198E+00  0.414198E+00  0.100226E-03
     1         45     1     2  0.414198E+00  0.414198E+00  0.100226E-03
     1         45     1     2  0.414198E+00  0.414198E+00  0.100226E-03
     1         45     1     2  0.414198E+00  0.414198E+00  0.100226E-03
     1         45     1     2  0.414198E+00  0.414198E+00  0.100226E-03
     1         45     1     2  0.414198E+00  0.414198E+00  0.100226E-03
     1         45     1     2  0.414198E+00  0.414198E+00  0.100226E-03
     1         45     1     2  0.414198E+00  0.414198E+00  0.100226E-03
     1         45     1     2  0.414198E+00  0.414198E+00  0.100226E-03
     1         46     1     3  0.414348E+00  0.414348E+00  0.150339E-03
     1         47     1     3  0.414574E+00  0.414574E+00  0.225508E-03
     1         47     1     2  0.414574E+00  0.414574E+00  0.225508E-03
     1         47     1     2  0.414574E+00  0.414574E+00  0.225508E-03
     1         47     1     2  0.414574E+00  0.414574E+00  0.225508E-03
     1         47     1     2  0.414574E+00  0.414574E+00  0.225508E-03
     1         47     1     2  0.414574E+00  0.414574E+00  0.225508E-03
     1         47     1     2  0.414574E+00  0.414574E+00  0.225508E-03
     1         47     1     2  0.414574E+00  0.414574E+00  0.225508E-03
     1         47     1     2  0.414574E+00  0.414574E+00  0.225508E-03
     1         48     1     4  0.414912E+00  0.414912E+00  0.338263E-03
     1         48     1     2  0.414912E+00  0.414912E+00  0.338263E-03
     1         48     1     2  0.414912E+00  0.414912E+00  0.338263E-03
     1         48     1     2  0.414912E+00  0.414912E+00  0.338263E-03
     1         48     1     2  0.414912E+00  0.414912E+00  0.338263E-03
     1         48     1     2  0.414912E+00  0.414912E+00  0.338263E-03
     1         48     1     2  0.414912E+00  0.414912E+00  0.338263E-03
     1         48     1     2  0.414912E+00  0.414912E+00  0.338263E-03
     1         48     1     2  0.414912E+00  0.414912E+00  0.338263E-03
     1         49     1     6  0.415419E+00  0.415419E+00  0.507394E-03
     1         50     1U   10  0.415419E+00  0.415419E+00  0.507394E-03
     1         50     2     4  0.415673E+00  0.415673E+00  0.253697E-03
     1         51     1    10  0.415927E+00  0.415927E+00  0.253697E-03
     1         52     1U    6  0.415927E+00  0.415927E+00  0.253697E-03
     1         52     2     4  0.415990E+00  0.415990E+00  0.634242E-04
     1         53     1     2  0.416053E+00  0.416053E+00  0.634242E-04
     1         54     1     5  0.416149E+00  0.416149E+00  0.951364E-04
     1         55     1     9  0.416244E+00  0.416244E+00  0.951364E-04
     1         56     1U   16  0.416244E+00  0.416244E+00  0.951364E-04
     1         56     2     3  0.416291E+00  0.416291E+00  0.475682E-04
     1         57     1     3  0.416339E+00  0.416339E+00  0.475682E-04
     1         58     1     8  0.416410E+00  0.416410E+00  0.713523E-04
     1         59     1     9  0.416482E+00  0.416482E+00  0.713523E-04
     1         60     1     6  0.416553E+00  0.416553E+00  0.713523E-04
     1         61     1     2  0.416624E+00  0.416624E+00  0.713523E-04
     1         61     1     3  0.416624E+00  0.416624E+00  0.713523E-04
     1         61     1     3  0.416624E+00  0.416624E+00  0.713523E-04
     1         61     1     2  0.416624E+00  0.416624E+00  0.713523E-04
     1         61     1     2  0.416624E+00  0.416624E+00  0.713523E-04
     1         61     1     2  0.416624E+00  0.416624E+00  0.713523E-04
     1         61     1     2  0.416624E+00  0.416624E+00  0.713523E-04
     1         61     1     2  0.416624E+00  0.416624E+00  0.713523E-04
     1         61     1     2  0.416624E+00  0.416624E+00  0.713523E-04
     1         62     1     3  0.416731E+00  0.416731E+00  0.107028E-03
     1         63     1     3  0.416892E+00  0.416892E+00  0.160543E-03
     1         64     1     3  0.417133E+00  0.417133E+00  0.240814E-03
     1         65     1     4  0.417494E+00  0.417494E+00  0.361221E-03
     1         66     1     8  0.418036E+00  0.418036E+00  0.541831E-03
     1         67     1    10  0.418578E+00  0.418578E+00  0.541831E-03
     1         67     1     2  0.418578E+00  0.418578E+00  0.541831E-03
     1         67     1     2  0.418578E+00  0.418578E+00  0.541831E-03
     1         67     1     2  0.418578E+00  0.418578E+00  0.541831E-03
     1         67     1     2  0.418578E+00  0.418578E+00  0.541831E-03
     1         67     1     2  0.418578E+00  0.418578E+00  0.541831E-03
     1         67     1     2  0.418578E+00  0.418578E+00  0.541831E-03
     1         67     1     2  0.418578E+00  0.418578E+00  0.541831E-03
     1         67     1     2  0.418578E+00  0.418578E+00  0.541831E-03
     1         68     1U    9  0.418578E+00  0.418578E+00  0.812747E-03
     1         68     2     4  0.418781E+00  0.418781E+00  0.203187E-03
     1         68     1     2  0.418781E+00  0.418781E+00  0.203187E-03
     1         68     1     2  0.418781E+00  0.418781E+00  0.203187E-03
     1         68     1     2  0.418781E+00  0.418781E+00  0.203187E-03
     1         68     1     2  0.418781E+00  0.418781E+00  0.203187E-03
     1         68     1     2  0.418781E+00  0.418781E+00  0.203187E-03
     1         68     1     2  0.418781E+00  0.418781E+00  0.203187E-03
     1         68     1     2  0.418781E+00  0.418781E+00  0.203187E-03
     1         68     1     2  0.418781E+00  0.418781E+00  0.203187E-03
     1         69     1    10  0.419085E+00  0.419085E+00  0.304780E-03
     1         69     1     2  0.419085E+00  0.419085E+00  0.304780E-03
     1         69     1     2  0.419085E+00  0.419085E+00  0.304780E-03
     1         69     1     2  0.419085E+00  0.419085E+00  0.304780E-03
     1         69     1     2  0.419085E+00  0.419085E+00  0.304780E-03
     1         69     1     2  0.419085E+00  0.419085E+00  0.304780E-03
     1         69     1     2  0.419085E+00  0.419085E+00  0.304780E-03
     1         69     1     2  0.419085E+00  0.419085E+00  0.304780E-03
     1         69     1     2  0.419085E+00  0.419085E+00  0.304780E-03
     1         70     1U   15  0.419085E+00  0.419085E+00  0.457170E-03
     1         70     2     5  0.419200E+00  0.419200E+00  0.114293E-03
     1         71     1     5  0.419314E+00  0.419314E+00  0.114293E-03
     1         71     1     2  0.419314E+00  0.419314E+00  0.114293E-03
     1         71     1     2  0.419314E+00  0.419314E+00  0.114293E-03
     1         71     1     2  0.419314E+00  0.419314E+00  0.114293E-03
     1         71     1     2  0.419314E+00  0.419314E+00  0.114293E-03
     1         71     1     2  0.419314E+00  0.419314E+00  0.114293E-03
     1         71     1     2  0.419314E+00  0.419314E+00  0.114293E-03
     1         71     1     2  0.419314E+00  0.419314E+00  0.114293E-03
     1         71     1     2  0.419314E+00  0.419314E+00  0.114293E-03
     1         72     1U    4  0.419314E+00  0.419314E+00  0.171439E-03
     1         72     2     3  0.419357E+00  0.419357E+00  0.428597E-04
     1         72     1     3  0.419357E+00  0.419357E+00  0.428597E-04
     1         72     1     3  0.419357E+00  0.419357E+00  0.428597E-04
     1         72     1     3  0.419357E+00  0.419357E+00  0.428597E-04
     1         72     1     3  0.419357E+00  0.419357E+00  0.428597E-04
     1         72     1     3  0.419357E+00  0.419357E+00  0.428597E-04
     1         72     1     3  0.419357E+00  0.419357E+00  0.428597E-04
     1         72     1     3  0.419357E+00  0.419357E+00  0.428597E-04
     1         72     1     3  0.419357E+00  0.419357E+00  0.428597E-04
     1         73     1     6  0.419421E+00  0.419421E+00  0.642896E-04
     1         74     1     5  0.419486E+00  0.419486E+00  0.642896E-04
     1         75     1     6  0.419550E+00  0.419550E+00  0.642896E-04
     1         75     1     2  0.419550E+00  0.419550E+00  0.642896E-04
     1         75     1     2  0.419550E+00  0.419550E+00  0.642896E-04
     1         75     1     2  0.419550E+00  0.419550E+00  0.642896E-04
     1         75     1     2  0.419550E+00  0.419550E+00  0.642896E-04
     1         75     1     2  0.419550E+00  0.419550E+00  0.642896E-04
     1         75     1     2  0.419550E+00  0.419550E+00  0.642896E-04
     1         75     1     2  0.419550E+00  0.419550E+00  0.642896E-04
     1         75     1     2  0.419550E+00  0.419550E+00  0.642896E-04
     1         76     1U    6  0.419550E+00  0.419550E+00  0.964343E-04
     1         76     2     2  0.419574E+00  0.419574E+00  0.241086E-04
     1         77     1     3  0.419598E+00  0.419598E+00  0.241086E-04
     1         78     1     4  0.419634E+00  0.419634E+00  0.361629E-04
     1         79     1     4  0.419688E+00  0.419688E+00  0.542443E-04
     1         79     1     2  0.419688E+00  0.419688E+00  0.542443E-04
     1         79     1     2  0.419688E+00  0.419688E+00  0.542443E-04
     1         79     1     2  0.419688E+00  0.419688E+00  0.542443E-04
     1         79     1     2  0.419688E+00  0.419688E+00  0.542443E-04
     1         79     1     2  0.419688E+00  0.419688E+00  0.542443E-04
     1         79     1     2  0.419688E+00  0.419688E+00  0.542443E-04
     1         79     1     2  0.419688E+00  0.419688E+00  0.542443E-04
     1         79     1     2  0.419688E+00  0.419688E+00  0.542443E-04
     1         80     1U    6  0.419688E+00  0.419688E+00  0.813665E-04
     1         80     2     3  0.419709E+00  0.419709E+00  0.203416E-04
     1         81     1     3  0.419729E+00  0.419729E+00  0.203416E-04
     1         81     1     2  0.419729E+00  0.419729E+00  0.203416E-04
     1         81     1     2  0.419729E+00  0.419729E+00  0.203416E-04
     1         81     1     2  0.419729E+00  0.419729E+00  0.203416E-04
     1         81     1     2  0.419729E+00  0.419729E+00  0.203416E-04
     1         81     1     2  0.419729E+00  0.419729E+00  0.203416E-04
     1         81     1     2  0.419729E+00  0.419729E+00  0.203416E-04
     1         81     1     2  0.419729E+00  0.419729E+00  0.203416E-04
     1         81     1     2  0.419729E+00  0.419729E+00  0.203416E-04
     1         82     1     6  0.419760E+00  0.419760E+00  0.305124E-04
     1         82     1     2  0.419760E+00  0.419760E+00  0.305124E-04
     1         82     1     2  0.419760E+00  0.419760E+00  0.305124E-04
     1         82     1     2  0.419760E+00  0.419760E+00  0.305124E-04
     1         82     1     2  0.419760E+00  0.419760E+00  0.305124E-04
     1         82     1     2  0.419760E+00  0.419760E+00  0.305124E-04
     1         82     1     2  0.419760E+00  0.419760E+00  0.305124E-04
     1         82     1     2  0.419760E+00  0.419760E+00  0.305124E-04
     1         82     1     2  0.419760E+00  0.419760E+00  0.305124E-04
     1         83     1U    8  0.419760E+00  0.419760E+00  0.457686E-04
     1         83     2     5  0.419782E+00  0.419782E+00  0.228843E-04
     1         83     1     2  0.419782E+00  0.419782E+00  0.228843E-04
     1         83     1     2  0.419782E+00  0.419782E+00  0.228843E-04
     1         83     1     2  0.419782E+00  0.419782E+00  0.228843E-04
     1         83     1     2  0.419782E+00  0.419782E+00  0.228843E-04
     1         83     1     2  0.419782E+00  0.419782E+00  0.228843E-04
     1         83     1     2  0.419782E+00  0.419782E+00  0.228843E-04
     1         83     1     2  0.419782E+00  0.419782E+00  0.228843E-04
     1         83     1     2  0.419782E+00  0.419782E+00  0.228843E-04
     1         84     1U   16  0.419782E+00  0.419782E+00  0.343265E-04
     1         84     2     4  0.419800E+00  0.419800E+00  0.171632E-04
     1         85     1     5  0.419817E+00  0.419817E+00  0.171632E-04
     1         86     1     5  0.419834E+00  0.419834E+00  0.171632E-04
     1         87     1     5  0.419851E+00  0.419851E+00  0.171632E-04
     1         88     1     3  0.419868E+00  0.419868E+00  0.171632E-04
     1         88     1     3  0.419868E+00  0.419868E+00  0.171632E-04
     1         88     1     3  0.419868E+00  0.419868E+00  0.171632E-04
     1         88     1     3  0.419868E+00  0.419868E+00  0.171632E-04
     1         88     1     3  0.419868E+00  0.419868E+00  0.171632E-04
     1         88     1     3  0.419868E+00  0.419868E+00  0.171632E-04
     1         88     1     3  0.419868E+00  0.419868E+00  0.171632E-04
     1         88     1     3  0.419868E+00  0.419868E+00  0.171632E-04
     1         88     1     3  0.419868E+00  0.419868E+00  0.171632E-04
     1         89     1     3  0.419894E+00  0.419894E+00  0.257449E-04
     1         90     1     3  0.419933E+00  0.419933E+00  0.386173E-04
     1         90     1     2  0.419933E+00  0.419933E+00  0.386173E-04
     1         90     1     3  0.419933E+00  0.419933E+00  0.386173E-04
     1         90     1     3  0.419933E+00  0.419933E+00  0.386173E-04
     1         90     1     3  0.419933E+00  0.419933E+00  0.386173E-04
     1         90     1     3  0.419933E+00  0.419933E+00  0.386173E-04
     1         90     1     3  0.419933E+00  0.419933E+00  0.386173E-04
     1         90     1     3  0.419933E+00  0.419933E+00  0.386173E-04
     1         90     1     3  0.419933E+00  0.419933E+00  0.386173E-04
     1         91     1     3  0.419991E+00  0.419991E+00  0.579259E-04
     1         91     1     2  0.419991E+00  0.419991E+00  0.579259E-04
     1         91     1     2  0.419991E+00  0.419991E+00  0.579259E-04
     1         91     1     2  0.419991E+00  0.419991E+00  0.579259E-04
     1         91     1     2  0.419991E+00  0.419991E+00  0.579259E-04
     1         91     1     2  0.419991E+00  0.419991E+00  0.579259E-04
     1         91     1     2  0.419991E+00  0.419991E+00  0.579259E-04
     1         91     1     2  0.419991E+00  0.419991E+00  0.579259E-04
     1         91     1    11  0.419991E+00  0.419991E+00  0.579259E-04
     1         92     1     3  0.420034E+00  0.420034E+00  0.434444E-04
     1         93     1     3  0.420099E+00  0.420099E+00  0.651667E-04
     1         93     1     2  0.420099E+00  0.420099E+00  0.651667E-04
     1         93     1     2  0.420099E+00  0.420099E+00  0.651667E-04
     1         93     1     2  0.420099E+00  0.420099E+00  0.651667E-04
     1         93     1     2  0.420099E+00  0.420099E+00  0.651667E-04
     1         93     1     2  0.420099E+00  0.420099E+00  0.651667E-04
     1         93     1     3  0.420099E+00  0.420099E+00  0.651667E-04
     1         93     1     2  0.420099E+00  0.420099E+00  0.651667E-04
     1         93     1     2  0.420099E+00  0.420099E+00  0.651667E-04
     1         94     1     3  0.420197E+00  0.420197E+00  0.977500E-04
     1         94     1     2  0.420197E+00  0.420197E+00  0.977500E-04
     1         94     1     2  0.420197E+00  0.420197E+00  0.977500E-04
     1         94     1     2  0.420197E+00  0.420197E+00  0.977500E-04
     1         94     1     2  0.420197E+00  0.420197E+00  0.977500E-04
     1         94     1     3  0.420197E+00  0.420197E+00  0.977500E-04
     1         94     1     3  0.420197E+00  0.420197E+00  0.977500E-04
     1         94     1     3  0.420197E+00  0.420197E+00  0.977500E-04
     1         94     1     3  0.420197E+00  0.420197E+00  0.977500E-04
     1         95     1     4  0.420344E+00  0.420344E+00  0.146625E-03
     1         95     1     2  0.420344E+00  0.420344E+00  0.146625E-03
     1         95     1     2  0.420344E+00  0.420344E+00  0.146625E-03
     1         95     1     2  0.420344E+00  0.420344E+00  0.146625E-03
     1         95     1     2  0.420344E+00  0.420344E+00  0.146625E-03
     1         95     1     2  0.420344E+00  0.420344E+00  0.146625E-03
     1         95     1     2  0.420344E+00  0.420344E+00  0.146625E-03
     1         95     1     2  0.420344E+00  0.420344E+00  0.146625E-03
     1         95     1     2  0.420344E+00  0.420344E+00  0.146625E-03
     1         96     1     3  0.420564E+00  0.420564E+00  0.219938E-03
     1         96     1     2  0.420564E+00  0.420564E+00  0.219938E-03
     1         96     1     2  0.420564E+00  0.420564E+00  0.219938E-03
     1         96     1     2  0.420564E+00  0.420564E+00  0.219938E-03
     1         96     1     2  0.420564E+00  0.420564E+00  0.219938E-03
     1         96     1     2  0.420564E+00  0.420564E+00  0.219938E-03
     1         96     1     2  0.420564E+00  0.420564E+00  0.219938E-03
     1         96     1     2  0.420564E+00  0.420564E+00  0.219938E-03
     1         96     1     2  0.420564E+00  0.420564E+00  0.219938E-03
     1         97     1     3  0.420893E+00  0.420893E+00  0.329906E-03
     1         98     1     4  0.421388E+00  0.421388E+00  0.494859E-03
     1         99     1     7  0.422131E+00  0.422131E+00  0.742289E-03
     1        100     1    10  0.422873E+00  0.422873E+00  0.742289E-03
     1        101     1U   10  0.422873E+00  0.422873E+00  0.742289E-03
     1        101     2     9  0.423244E+00  0.423244E+00  0.371145E-03
     1        101     1     2  0.423244E+00  0.423244E+00  0.371145E-03
     1        101     1     2  0.423244E+00  0.423244E+00  0.371145E-03
     1        101     1     2  0.423244E+00  0.423244E+00  0.371145E-03
     1        101     1     2  0.423244E+00  0.423244E+00  0.371145E-03
     1        101     1     2  0.423244E+00  0.423244E+00  0.371145E-03
     1        101     1     2  0.423244E+00  0.423244E+00  0.371145E-03
     1        101     1     2  0.423244E+00  0.423244E+00  0.371145E-03
     1        101     1     2  0.423244E+00  0.423244E+00  0.371145E-03
     1        102     1U   10  0.423244E+00  0.423244E+00  0.556717E-03
     1        102     2     5  0.423383E+00  0.423383E+00  0.139179E-03
     1        102     1     2  0.423383E+00  0.423383E+00  0.139179E-03
     1        102     1     2  0.423383E+00  0.423383E+00  0.139179E-03
     1        102     1     2  0.423383E+00  0.423383E+00  0.139179E-03
     1        102     1     2  0.423383E+00  0.423383E+00  0.139179E-03
     1        102     1     2  0.423383E+00  0.423383E+00  0.139179E-03
     1        102     1     2  0.423383E+00  0.423383E+00  0.139179E-03
     1        102     1     2  0.423383E+00  0.423383E+00  0.139179E-03
     1        102     1     2  0.423383E+00  0.423383E+00  0.139179E-03
     1        103     1     8  0.423592E+00  0.423592E+00  0.208769E-03
     1        103     1     2  0.423592E+00  0.423592E+00  0.208769E-03
     1        103     1     2  0.423592E+00  0.423592E+00  0.208769E-03
     1        103     1     2  0.423592E+00  0.423592E+00  0.208769E-03
     1        103     1     2  0.423592E+00  0.423592E+00  0.208769E-03
     1        103     1     2  0.423592E+00  0.423592E+00  0.208769E-03
     1        103     1     2  0.423592E+00  0.423592E+00  0.208769E-03
     1        103     1     2  0.423592E+00  0.423592E+00  0.208769E-03
     1        103     1     2  0.423592E+00  0.423592E+00  0.208769E-03
     1        104     1U   12  0.423592E+00  0.423592E+00  0.313153E-03
     1        104     2     4  0.423670E+00  0.423670E+00  0.782883E-04
     1        105     1     4  0.423749E+00  0.423749E+00  0.782883E-04
     1        105     1     2  0.423749E+00  0.423749E+00  0.782883E-04
     1        105     1     2  0.423749E+00  0.423749E+00  0.782883E-04
     1        105     1     2  0.423749E+00  0.423749E+00  0.782883E-04
     1        105     1     2  0.423749E+00  0.423749E+00  0.782883E-04
     1        105     1     2  0.423749E+00  0.423749E+00  0.782883E-04
     1        105     1     2  0.423749E+00  0.423749E+00  0.782883E-04
     1        105     1     2  0.423749E+00  0.423749E+00  0.782883E-04
     1        105     1     2  0.423749E+00  0.423749E+00  0.782883E-04
     1        106     1     7  0.423866E+00  0.423866E+00  0.117432E-03
     1        106     1     2  0.423866E+00  0.423866E+00  0.117432E-03
     1        106     1     3  0.423866E+00  0.423866E+00  0.117432E-03
     1        106     1     3  0.423866E+00  0.423866E+00  0.117432E-03
     1        106     1     3  0.423866E+00  0.423866E+00  0.117432E-03
     1        106     1     3  0.423866E+00  0.423866E+00  0.117432E-03
     1        106     1     3  0.423866E+00  0.423866E+00  0.117432E-03
     1        106     1     3  0.423866E+00  0.423866E+00  0.117432E-03
     1        106     1     3  0.423866E+00  0.423866E+00  0.117432E-03
     1        107     1U   10  0.423866E+00  0.423866E+00  0.176149E-03
     1        107     2     3  0.423910E+00  0.423910E+00  0.440372E-04
     1        108     1     4  0.423954E+00  0.423954E+00  0.440372E-04
     1        109     1     7  0.424020E+00  0.424020E+00  0.660558E-04
     1        109     1     2  0.424020E+00  0.424020E+00  0.660558E-04
     1        109     1     2  0.424020E+00  0.424020E+00  0.660558E-04
     1        109     1     2  0.424020E+00  0.424020E+00  0.660558E-04
     1        109     1     2  0.424020E+00  0.424020E+00  0.660558E-04
     1        109     1     2  0.424020E+00  0.424020E+00  0.660558E-04
     1        109     1     2  0.424020E+00  0.424020E+00  0.660558E-04
     1        109     1     2  0.424020E+00  0.424020E+00  0.660558E-04
     1        109     1     2  0.424020E+00  0.424020E+00  0.660558E-04
     1        110     1U    8  0.424020E+00  0.424020E+00  0.990836E-04
     1        110     2     6  0.424070E+00  0.424070E+00  0.495418E-04
     1        111     1     8  0.424119E+00  0.424119E+00  0.495418E-04
     1        112     1     6  0.424169E+00  0.424169E+00  0.495418E-04
     1        112     1     2  0.424169E+00  0.424169E+00  0.495418E-04
     1        112     1     2  0.424169E+00  0.424169E+00  0.495418E-04
     1        112     1     2  0.424169E+00  0.424169E+00  0.495418E-04
     1        112     1     2  0.424169E+00  0.424169E+00  0.495418E-04
     1        112     1     2  0.424169E+00  0.424169E+00  0.495418E-04
     1        112     1     2  0.424169E+00  0.424169E+00  0.495418E-04
     1        112     1     2  0.424169E+00  0.424169E+00  0.495418E-04
     1        112     1     2  0.424169E+00  0.424169E+00  0.495418E-04
     1        113     1     5  0.424243E+00  0.424243E+00  0.743127E-04
     1        113     1     2  0.424243E+00  0.424243E+00  0.743127E-04
     1        113     1     2  0.424243E+00  0.424243E+00  0.743127E-04
     1        113     1     2  0.424243E+00  0.424243E+00  0.743127E-04
     1        113     1     2  0.424243E+00  0.424243E+00  0.743127E-04
     1        113     1     2  0.424243E+00  0.424243E+00  0.743127E-04
     1        113     1     2  0.424243E+00  0.424243E+00  0.743127E-04
     1        113     1     2  0.424243E+00  0.424243E+00  0.743127E-04
     1        113     1     2  0.424243E+00  0.424243E+00  0.743127E-04
     1        114     1     4  0.424355E+00  0.424355E+00  0.111469E-03
     1        115     1     8  0.424522E+00  0.424522E+00  0.167204E-03
     1        115     1     5  0.424522E+00  0.424522E+00  0.167204E-03
     1        115     1     5  0.424522E+00  0.424522E+00  0.167204E-03
     1        115     1     5  0.424522E+00  0.424522E+00  0.167204E-03
     1        115     1     5  0.424522E+00  0.424522E+00  0.167204E-03
     1        115     1     5  0.424522E+00  0.424522E+00  0.167204E-03
     1        115     1     4  0.424522E+00  0.424522E+00  0.167204E-03
     1        115     1     3  0.424522E+00  0.424522E+00  0.167204E-03
     1        115     1     3  0.424522E+00  0.424522E+00  0.167204E-03
     1        116     1     6  0.424773E+00  0.424773E+00  0.250805E-03
     1        116     1     4  0.424773E+00  0.424773E+00  0.250805E-03
     1        116     1     4  0.424773E+00  0.424773E+00  0.250805E-03
     1        116     1     3  0.424773E+00  0.424773E+00  0.250805E-03
     1        116     1     3  0.424773E+00  0.424773E+00  0.250805E-03
     1        116     1     3  0.424773E+00  0.424773E+00  0.250805E-03
     1        116     1     3  0.424773E+00  0.424773E+00  0.250805E-03
     1        116     1     3  0.424773E+00  0.424773E+00  0.250805E-03
     1        116     1     3  0.424773E+00  0.424773E+00  0.250805E-03
     1        117     1     4  0.425000E+00  0.425000E+00  0.227483E-03
     1        117     1     3  0.425000E+00  0.425000E+00  0.227483E-03
     1        117     1     3  0.425000E+00  0.425000E+00  0.227483E-03
     1        117     1     3  0.425000E+00  0.425000E+00  0.227483E-03
     1        117     1     3  0.425000E+00  0.425000E+00  0.227483E-03
     1        117     1     3  0.425000E+00  0.425000E+00  0.227483E-03
     1        117     1     3  0.425000E+00  0.425000E+00  0.227483E-03
     1        117     1     4  0.425000E+00  0.425000E+00  0.227483E-03
     1        117     1     5  0.425000E+00  0.425000E+00  0.227483E-03
     1        118     1U   16  0.425000E+00  0.425000E+00  0.200000E-01
     1        118     2U   16  0.425000E+00  0.425000E+00  0.100000E-01
     1        118     3U   12  0.425000E+00  0.425000E+00  0.500000E-02
     1        118     4U   13  0.425000E+00  0.425000E+00  0.125000E-02
     1        118     5U    8  0.425000E+00  0.425000E+00  0.625000E-03
     1        118     6     5  0.425156E+00  0.425156E+00  0.156250E-03
     1        119     1     4  0.425313E+00  0.425313E+00  0.156250E-03
     1        120     1     3  0.425469E+00  0.425469E+00  0.156250E-03
     1        121     1     8  0.425703E+00  0.425703E+00  0.234375E-03
     1        122     1    11  0.425938E+00  0.425938E+00  0.234375E-03
     1        123     1     3  0.426113E+00  0.426113E+00  0.175781E-03
     1        124     1     3  0.426289E+00  0.426289E+00  0.175781E-03
     1        124     1     2  0.426289E+00  0.426289E+00  0.175781E-03
     1        124     1     2  0.426289E+00  0.426289E+00  0.175781E-03
     1        124     1     2  0.426289E+00  0.426289E+00  0.175781E-03
     1        124     1     2  0.426289E+00  0.426289E+00  0.175781E-03
     1        124     1     2  0.426289E+00  0.426289E+00  0.175781E-03
     1        124     1     2  0.426289E+00  0.426289E+00  0.175781E-03
     1        124     1     2  0.426289E+00  0.426289E+00  0.175781E-03
     1        124     1     2  0.426289E+00  0.426289E+00  0.175781E-03
