SUMMARY OF JOB INFORMATION
  STEP      INC     ATT  ITRS     TOT TIME     STEP TIME      INC TIME
     1          1     1U    4  0.000000E+00  0.000000E+00  0.500000E-02
     1          1     2     5  0.125000E-02  0.125000E-02  0.125000E-02
     1          2     1     2  0.250000E-02  0.250000E-02  0.125000E-02
     1          3     1     2  0.375000E-02  0.375000E-02  0.125000E-02
     1          4     1     2  0.562500E-02  0.562500E-02  0.187500E-02
     1          5     1     2  0.843750E-02  0.843750E-02  0.281250E-02
     1          6     1     2  0.126563E-01  0.126563E-01  0.421875E-02
     1          7     1     5  0.176563E-01  0.176563E-01  0.500000E-02
     1          8     1     4  0.226563E-01  0.226563E-01  0.500000E-02
     1          9     1     3  0.276563E-01  0.276563E-01  0.500000E-02
     1         10     1     2  0.326563E-01  0.326563E-01  0.500000E-02
     1         11     1     2  0.376563E-01  0.376563E-01  0.500000E-02
     1         12     1     2  0.426562E-01  0.426562E-01  0.500000E-02
     1         13     1     2  0.476562E-01  0.476562E-01  0.500000E-02
     1         14     1     2  0.526562E-01  0.526562E-01  0.500000E-02
     1         15     1     2  0.576562E-01  0.576562E-01  0.500000E-02
     1         16     1     2  0.626562E-01  0.626562E-01  0.500000E-02
     1         17     1     2  0.676563E-01  0.676563E-01  0.500000E-02
     1         18     1     3  0.726563E-01  0.726563E-01  0.500000E-02
     1         19     1     2  0.776563E-01  0.776563E-01  0.500000E-02
     1         20     1     3  0.826563E-01  0.826563E-01  0.500000E-02
     1         21     1     3  0.876563E-01  0.876563E-01  0.500000E-02
     1         22     1     2  0.926563E-01  0.926563E-01  0.500000E-02
     1         23     1     2  0.976563E-01  0.976563E-01  0.500000E-02
     1         24     1     2  0.102656E+00  0.102656E+00  0.500000E-02
     1         25     1     2  0.107656E+00  0.107656E+00  0.500000E-02
     1         26     1     2  0.112656E+00  0.112656E+00  0.500000E-02
     1         27     1     2  0.117656E+00  0.117656E+00  0.500000E-02
     1         28     1     2  0.122656E+00  0.122656E+00  0.500000E-02
     1         29     1     2  0.127656E+00  0.127656E+00  0.500000E-02
     1         30     1     2  0.132656E+00  0.132656E+00  0.500000E-02
     1         31     1     2  0.137656E+00  0.137656E+00  0.500000E-02
     1         32     1     2  0.142656E+00  0.142656E+00  0.500000E-02
     1         33     1     5  0.147656E+00  0.147656E+00  0.500000E-02
     1         34     1     3  0.152656E+00  0.152656E+00  0.500000E-02
     1         35     1     2  0.157656E+00  0.157656E+00  0.500000E-02
     1         36     1     2  0.162656E+00  0.162656E+00  0.500000E-02
     1         37     1     2  0.167656E+00  0.167656E+00  0.500000E-02
     1         38     1     2  0.172656E+00  0.172656E+00  0.500000E-02
     1         39     1     2  0.177656E+00  0.177656E+00  0.500000E-02
     1         40     1     2  0.182656E+00  0.182656E+00  0.500000E-02
     1         41     1     2  0.187656E+00  0.187656E+00  0.500000E-02
     1         42     1     2  0.192656E+00  0.192656E+00  0.500000E-02
     1         43     1     2  0.197656E+00  0.197656E+00  0.500000E-02
     1         44     1     2  0.202656E+00  0.202656E+00  0.500000E-02
     1         45     1     2  0.207656E+00  0.207656E+00  0.500000E-02
     1         46     1     2  0.212656E+00  0.212656E+00  0.500000E-02
     1         47     1     2  0.217656E+00  0.217656E+00  0.500000E-02
     1         48     1     2  0.222656E+00  0.222656E+00  0.500000E-02
     1         49     1     2  0.227656E+00  0.227656E+00  0.500000E-02
     1         50     1     2  0.232656E+00  0.232656E+00  0.500000E-02
     1         51     1     2  0.237656E+00  0.237656E+00  0.500000E-02
     1         52     1     2  0.242656E+00  0.242656E+00  0.500000E-02
     1         53     1     2  0.247656E+00  0.247656E+00  0.500000E-02
     1         54     1     2  0.252656E+00  0.252656E+00  0.500000E-02
     1         55     1     2  0.257656E+00  0.257656E+00  0.500000E-02
     1         56     1     2  0.262656E+00  0.262656E+00  0.500000E-02
     1         57     1     2  0.267656E+00  0.267656E+00  0.500000E-02
     1         58     1     2  0.272656E+00  0.272656E+00  0.500000E-02
     1         59     1     2  0.277656E+00  0.277656E+00  0.500000E-02
     1         60     1     2  0.282656E+00  0.282656E+00  0.500000E-02
     1         61     1     2  0.287656E+00  0.287656E+00  0.500000E-02
     1         62     1     2  0.292656E+00  0.292656E+00  0.500000E-02
     1         63     1     2  0.297656E+00  0.297656E+00  0.500000E-02
     1         64     1     2  0.302656E+00  0.302656E+00  0.500000E-02
     1         65     1     2  0.307656E+00  0.307656E+00  0.500000E-02
     1         66     1     5  0.312656E+00  0.312656E+00  0.500000E-02
     1         67     1     4  0.317656E+00  0.317656E+00  0.500000E-02
     1         68     1     3  0.322656E+00  0.322656E+00  0.500000E-02
     1         69     1     2  0.327656E+00  0.327656E+00  0.500000E-02
     1         70     1     2  0.332656E+00  0.332656E+00  0.500000E-02
     1         71     1     2  0.337656E+00  0.337656E+00  0.500000E-02
     1         72     1     2  0.342656E+00  0.342656E+00  0.500000E-02
     1         73     1     2  0.347656E+00  0.347656E+00  0.500000E-02
     1         74     1     2  0.352656E+00  0.352656E+00  0.500000E-02
     1         75     1     2  0.357656E+00  0.357656E+00  0.500000E-02
     1         76     1     2  0.362656E+00  0.362656E+00  0.500000E-02
     1         77     1     2  0.367656E+00  0.367656E+00  0.500000E-02
     1         78     1     2  0.372656E+00  0.372656E+00  0.500000E-02
     1         79     1     2  0.377656E+00  0.377656E+00  0.500000E-02
     1         80     1     2  0.382656E+00  0.382656E+00  0.500000E-02
     1         81     1     2  0.387656E+00  0.387656E+00  0.500000E-02
     1         82     1     2  0.392656E+00  0.392656E+00  0.500000E-02
     1         83     1     2  0.397656E+00  0.397656E+00  0.500000E-02
     1         84     1     2  0.402656E+00  0.402656E+00  0.500000E-02
     1         85     1     3  0.407656E+00  0.407656E+00  0.500000E-02
     1         86     1     3  0.412656E+00  0.412656E+00  0.500000E-02
     1         87     1     3  0.417656E+00  0.417656E+00  0.500000E-02
     1         88     1     3  0.422656E+00  0.422656E+00  0.500000E-02
     1         89     1     2  0.427656E+00  0.427656E+00  0.500000E-02
     1         90     1     3  0.432656E+00  0.432656E+00  0.500000E-02
     1         91     1     3  0.437656E+00  0.437656E+00  0.500000E-02
     1         92     1     2  0.442656E+00  0.442656E+00  0.500000E-02
     1         93     1     3  0.447656E+00  0.447656E+00  0.500000E-02
     1         94     1     2  0.452656E+00  0.452656E+00  0.500000E-02
     1         95     1     2  0.457656E+00  0.457656E+00  0.500000E-02
     1         96     1     2  0.462656E+00  0.462656E+00  0.500000E-02
     1         97     1     3  0.467656E+00  0.467656E+00  0.500000E-02
     1         98     1     2  0.472656E+00  0.472656E+00  0.500000E-02
     1         99     1     2  0.477656E+00  0.477656E+00  0.500000E-02
     1        100     1     2  0.482656E+00  0.482656E+00  0.500000E-02
     1        101     1     4  0.487656E+00  0.487656E+00  0.500000E-02
     1        102     1     3  0.492656E+00  0.492656E+00  0.500000E-02
     1        103     1     3  0.497656E+00  0.497656E+00  0.500000E-02
     1        104     1     3  0.502656E+00  0.502656E+00  0.500000E-02
     1        105     1     2  0.507656E+00  0.507656E+00  0.500000E-02
     1        106     1     2  0.512656E+00  0.512656E+00  0.500000E-02
     1        107     1     2  0.517656E+00  0.517656E+00  0.500000E-02
     1        108     1     4  0.522656E+00  0.522656E+00  0.500000E-02
     1        109     1     4  0.527656E+00  0.527656E+00  0.500000E-02
     1        110     1     4  0.532656E+00  0.532656E+00  0.500000E-02
     1        111     1     4  0.537656E+00  0.537656E+00  0.500000E-02
     1        112     1     4  0.542656E+00  0.542656E+00  0.500000E-02
     1        113     1     3  0.547656E+00  0.547656E+00  0.500000E-02
     1        114     1     4  0.552656E+00  0.552656E+00  0.500000E-02
     1        115     1     3  0.557656E+00  0.557656E+00  0.500000E-02
     1        116     1     3  0.562656E+00  0.562656E+00  0.500000E-02
     1        117     1     3  0.567656E+00  0.567656E+00  0.500000E-02
     1        118     1     3  0.572656E+00  0.572656E+00  0.500000E-02
     1        119     1     3  0.577656E+00  0.577656E+00  0.500000E-02
     1        120     1     3  0.582656E+00  0.582656E+00  0.500000E-02
     1        121     1     3  0.587656E+00  0.587656E+00  0.500000E-02
     1        122     1     3  0.592656E+00  0.592656E+00  0.500000E-02
     1        123     1     3  0.597656E+00  0.597656E+00  0.500000E-02
     1        124     1     3  0.602656E+00  0.602656E+00  0.500000E-02
     1        125     1     3  0.607656E+00  0.607656E+00  0.500000E-02
     1        126     1     3  0.612656E+00  0.612656E+00  0.500000E-02
     1        127     1     3  0.617656E+00  0.617656E+00  0.500000E-02
     1        128     1     2  0.622656E+00  0.622656E+00  0.500000E-02
     1        129     1     2  0.627656E+00  0.627656E+00  0.500000E-02
     1        130     1     2  0.632656E+00  0.632656E+00  0.500000E-02
     1        131     1     4  0.637656E+00  0.637656E+00  0.500000E-02
     1        132     1     3  0.642656E+00  0.642656E+00  0.500000E-02
     1        133     1     2  0.647656E+00  0.647656E+00  0.500000E-02
     1        134     1     3  0.652656E+00  0.652656E+00  0.500000E-02
     1        135     1     3  0.657656E+00  0.657656E+00  0.500000E-02
     1        136     1     3  0.662656E+00  0.662656E+00  0.500000E-02
     1        137     1     4  0.667656E+00  0.667656E+00  0.500000E-02
     1        138     1     4  0.672656E+00  0.672656E+00  0.500000E-02
     1        139     1     3  0.677656E+00  0.677656E+00  0.500000E-02
     1        140     1     3  0.682656E+00  0.682656E+00  0.500000E-02
     1        141     1     3  0.687656E+00  0.687656E+00  0.500000E-02
     1        142     1     3  0.692656E+00  0.692656E+00  0.500000E-02
     1        143     1     3  0.697656E+00  0.697656E+00  0.500000E-02
     1        144     1     3  0.702656E+00  0.702656E+00  0.500000E-02
     1        145     1     3  0.707656E+00  0.707656E+00  0.500000E-02
     1        146     1     3  0.712656E+00  0.712656E+00  0.500000E-02
     1        147     1     2  0.717656E+00  0.717656E+00  0.500000E-02
     1        148     1     2  0.722656E+00  0.722656E+00  0.500000E-02
     1        149     1     3  0.727656E+00  0.727656E+00  0.500000E-02
     1        150     1     2  0.732656E+00  0.732656E+00  0.500000E-02
     1        151     1     3  0.737656E+00  0.737656E+00  0.500000E-02
     1        152     1     2  0.742656E+00  0.742656E+00  0.500000E-02
     1        153     1     2  0.747656E+00  0.747656E+00  0.500000E-02
     1        154     1     2  0.752656E+00  0.752656E+00  0.500000E-02
     1        155     1     2  0.757656E+00  0.757656E+00  0.500000E-02
     1        156     1     3  0.762656E+00  0.762656E+00  0.500000E-02
     1        157     1     3  0.767656E+00  0.767656E+00  0.500000E-02
     1        158     1     2  0.772656E+00  0.772656E+00  0.500000E-02
     1        159     1     2  0.777656E+00  0.777656E+00  0.500000E-02
     1        160     1     2  0.782656E+00  0.782656E+00  0.500000E-02
     1        161     1     2  0.787656E+00  0.787656E+00  0.500000E-02
     1        162     1     2  0.792656E+00  0.792656E+00  0.500000E-02
     1        163     1     2  0.797656E+00  0.797656E+00  0.500000E-02
     1        164     1     2  0.802656E+00  0.802656E+00  0.500000E-02
     1        165     1     2  0.807656E+00  0.807656E+00  0.500000E-02
     1        166     1     2  0.812656E+00  0.812656E+00  0.500000E-02
     1        167     1     2  0.817656E+00  0.817656E+00  0.500000E-02
     1        168     1     2  0.822656E+00  0.822656E+00  0.500000E-02
     1        169     1     2  0.827656E+00  0.827656E+00  0.500000E-02
     1        170     1     2  0.832656E+00  0.832656E+00  0.500000E-02
     1        171     1     3  0.837656E+00  0.837656E+00  0.500000E-02
     1        172     1     2  0.842656E+00  0.842656E+00  0.500000E-02
     1        173     1     2  0.847656E+00  0.847656E+00  0.500000E-02
     1        174     1     2  0.852656E+00  0.852656E+00  0.500000E-02
     1        175     1     2  0.857656E+00  0.857656E+00  0.500000E-02
     1        176     1     3  0.862656E+00  0.862656E+00  0.500000E-02
     1        177     1     2  0.867656E+00  0.867656E+00  0.500000E-02
     1        178     1     2  0.872656E+00  0.872656E+00  0.500000E-02
     1        179     1     3  0.877656E+00  0.877656E+00  0.500000E-02
     1        180     1     3  0.882656E+00  0.882656E+00  0.500000E-02
     1        181     1     3  0.887656E+00  0.887656E+00  0.500000E-02
     1        182     1     3  0.892656E+00  0.892656E+00  0.500000E-02
     1        183     1     3  0.897656E+00  0.897656E+00  0.500000E-02
     1        184     1     3  0.902656E+00  0.902656E+00  0.500000E-02
     1        185     1     3  0.907656E+00  0.907656E+00  0.500000E-02
     1        186     1     2  0.912656E+00  0.912656E+00  0.500000E-02
     1        187     1     3  0.917656E+00  0.917656E+00  0.500000E-02
     1        188     1     3  0.922656E+00  0.922656E+00  0.500000E-02
     1        189     1     3  0.927656E+00  0.927656E+00  0.500000E-02
     1        190     1     3  0.932656E+00  0.932656E+00  0.500000E-02
     1        191     1     3  0.937656E+00  0.937656E+00  0.500000E-02
     1        192     1     3  0.942656E+00  0.942656E+00  0.500000E-02
     1        193     1     3  0.947656E+00  0.947656E+00  0.500000E-02
     1        194     1     3  0.952656E+00  0.952656E+00  0.500000E-02
     1        195     1     3  0.957656E+00  0.957656E+00  0.500000E-02
     1        196     1     3  0.962656E+00  0.962656E+00  0.500000E-02
     1        197     1     3  0.967656E+00  0.967656E+00  0.500000E-02
     1        198     1     3  0.972656E+00  0.972656E+00  0.500000E-02
     1        199     1     3  0.977656E+00  0.977656E+00  0.500000E-02
     1        200     1     3  0.982656E+00  0.982656E+00  0.500000E-02
     1        201     1     3  0.987656E+00  0.987656E+00  0.500000E-02
     1        202     1     3  0.992656E+00  0.992656E+00  0.500000E-02
     1        203     1     3  0.997656E+00  0.997656E+00  0.500000E-02
     1        204     1     2  0.100000E+01  0.100000E+01  0.234375E-02
