SUMMARY OF JOB INFORMATION
  STEP      INC     ATT  ITRS     TOT TIME     STEP TIME      INC TIME
     1          1     1U    4  0.000000E+00  0.000000E+00  0.500000E-02
     1          1     2     6  0.125000E-02  0.125000E-02  0.125000E-02
     1          2     1     2  0.250000E-02  0.250000E-02  0.125000E-02
     1          3     1     2  0.375000E-02  0.375000E-02  0.125000E-02
     1          4     1     2  0.562500E-02  0.562500E-02  0.187500E-02
     1          5     1     2  0.843750E-02  0.843750E-02  0.281250E-02
     1          6     1     3  0.126563E-01  0.126563E-01  0.421875E-02
     1          7     1     6  0.176563E-01  0.176563E-01  0.500000E-02
     1          8     1U    6  0.176563E-01  0.176563E-01  0.500000E-02
     1          8     2     5  0.189063E-01  0.189063E-01  0.125000E-02
     1          9     1     3  0.201563E-01  0.201563E-01  0.125000E-02
     1         10     1     3  0.214063E-01  0.214063E-01  0.125000E-02
     1         11     1     3  0.232813E-01  0.232813E-01  0.187500E-02
     1         12     1     3  0.260938E-01  0.260938E-01  0.281250E-02
     1         13     1     3  0.303125E-01  0.303125E-01  0.421875E-02
     1         14     1     4  0.353125E-01  0.353125E-01  0.500000E-02
     1         15     1     3  0.403125E-01  0.403125E-01  0.500000E-02
     1         16     1     3  0.453125E-01  0.453125E-01  0.500000E-02
     1         17     1     2  0.503125E-01  0.503125E-01  0.500000E-02
     1         18     1     2  0.553125E-01  0.553125E-01  0.500000E-02
     1         19     1     2  0.603125E-01  0.603125E-01  0.500000E-02
     1         20     1     2  0.653125E-01  0.653125E-01  0.500000E-02
     1         21     1     4  0.703125E-01  0.703125E-01  0.500000E-02
     1         22     1     3  0.753125E-01  0.753125E-01  0.500000E-02
     1         23     1     2  0.803125E-01  0.803125E-01  0.500000E-02
     1         24     1     2  0.853125E-01  0.853125E-01  0.500000E-02
     1         25     1     2  0.903125E-01  0.903125E-01  0.500000E-02
     1         26     1     2  0.953125E-01  0.953125E-01  0.500000E-02
     1         27     1     2  0.100313E+00  0.100313E+00  0.500000E-02
     1         28     1     2  0.105313E+00  0.105313E+00  0.500000E-02
     1         29     1     2  0.110313E+00  0.110313E+00  0.500000E-02
     1         30     1     2  0.115313E+00  0.115313E+00  0.500000E-02
     1         31     1     2  0.120313E+00  0.120313E+00  0.500000E-02
     1         32     1     2  0.125313E+00  0.125313E+00  0.500000E-02
     1         33     1     2  0.130313E+00  0.130313E+00  0.500000E-02
     1         34     1     2  0.135313E+00  0.135313E+00  0.500000E-02
     1         35     1     2  0.140313E+00  0.140313E+00  0.500000E-02
     1         36     1     5  0.145313E+00  0.145313E+00  0.500000E-02
     1         37     1     5  0.150313E+00  0.150313E+00  0.500000E-02
     1         38     1     4  0.155313E+00  0.155313E+00  0.500000E-02
     1         39     1     3  0.160313E+00  0.160313E+00  0.500000E-02
     1         40     1     2  0.165313E+00  0.165313E+00  0.500000E-02
     1         41     1     2  0.170313E+00  0.170313E+00  0.500000E-02
     1         42     1     2  0.175313E+00  0.175313E+00  0.500000E-02
     1         43     1     3  0.180313E+00  0.180313E+00  0.500000E-02
     1         44     1     2  0.185313E+00  0.185313E+00  0.500000E-02
     1         45     1     2  0.190313E+00  0.190313E+00  0.500000E-02
     1         46     1     3  0.195313E+00  0.195313E+00  0.500000E-02
     1         47     1     2  0.200313E+00  0.200313E+00  0.500000E-02
     1         48     1     2  0.205313E+00  0.205313E+00  0.500000E-02
     1         49     1     2  0.210313E+00  0.210313E+00  0.500000E-02
     1         50     1     3  0.215313E+00  0.215313E+00  0.500000E-02
     1         51     1     2  0.220313E+00  0.220313E+00  0.500000E-02
     1         52     1     3  0.225313E+00  0.225313E+00  0.500000E-02
     1         53     1     2  0.230313E+00  0.230313E+00  0.500000E-02
     1         54     1     2  0.235313E+00  0.235313E+00  0.500000E-02
     1         55     1     3  0.240313E+00  0.240313E+00  0.500000E-02
     1         56     1     2  0.245313E+00  0.245313E+00  0.500000E-02
     1         57     1     2  0.250313E+00  0.250313E+00  0.500000E-02
     1         58     1     2  0.255313E+00  0.255313E+00  0.500000E-02
     1         59     1     3  0.260313E+00  0.260313E+00  0.500000E-02
     1         60     1     2  0.265313E+00  0.265313E+00  0.500000E-02
     1         61     1     2  0.270313E+00  0.270313E+00  0.500000E-02
     1         62     1     2  0.275313E+00  0.275313E+00  0.500000E-02
     1         63     1     2  0.280313E+00  0.280313E+00  0.500000E-02
     1         64     1     2  0.285313E+00  0.285313E+00  0.500000E-02
     1         65     1     3  0.290313E+00  0.290313E+00  0.500000E-02
     1         66     1     2  0.295313E+00  0.295313E+00  0.500000E-02
     1         67     1     2  0.300313E+00  0.300313E+00  0.500000E-02
     1         68     1     2  0.305313E+00  0.305313E+00  0.500000E-02
     1         69     1     5  0.310313E+00  0.310313E+00  0.500000E-02
     1         70     1     5  0.315313E+00  0.315313E+00  0.500000E-02
     1         71     1     5  0.320313E+00  0.320313E+00  0.500000E-02
     1         72     1     4  0.325313E+00  0.325313E+00  0.500000E-02
     1         73     1     4  0.330313E+00  0.330313E+00  0.500000E-02
     1         74     1     4  0.335313E+00  0.335313E+00  0.500000E-02
     1         75     1     4  0.340313E+00  0.340313E+00  0.500000E-02
     1         76     1     4  0.345313E+00  0.345313E+00  0.500000E-02
     1         77     1     4  0.350313E+00  0.350313E+00  0.500000E-02
     1         78     1     2  0.355313E+00  0.355313E+00  0.500000E-02
     1         79     1     2  0.360313E+00  0.360313E+00  0.500000E-02
     1         80     1     2  0.365313E+00  0.365313E+00  0.500000E-02
     1         81     1     2  0.370313E+00  0.370313E+00  0.500000E-02
     1         82     1     2  0.375313E+00  0.375313E+00  0.500000E-02
     1         83     1     2  0.380313E+00  0.380313E+00  0.500000E-02
     1         84     1     4  0.385313E+00  0.385313E+00  0.500000E-02
     1         85     1     2  0.390313E+00  0.390313E+00  0.500000E-02
     1         86     1     2  0.395313E+00  0.395313E+00  0.500000E-02
     1         87     1     2  0.400313E+00  0.400313E+00  0.500000E-02
     1         88     1     2  0.405313E+00  0.405313E+00  0.500000E-02
     1         89     1     2  0.410313E+00  0.410313E+00  0.500000E-02
     1         90     1     2  0.415313E+00  0.415313E+00  0.500000E-02
     1         91     1     2  0.420313E+00  0.420313E+00  0.500000E-02
     1         92     1     3  0.425313E+00  0.425313E+00  0.500000E-02
     1         93     1     2  0.430313E+00  0.430313E+00  0.500000E-02
     1         94     1     2  0.435313E+00  0.435313E+00  0.500000E-02
     1         95     1     2  0.440313E+00  0.440313E+00  0.500000E-02
     1         96     1     2  0.445313E+00  0.445313E+00  0.500000E-02
     1         97     1     3  0.450313E+00  0.450313E+00  0.500000E-02
     1         98     1     2  0.455313E+00  0.455313E+00  0.500000E-02
     1         99     1     3  0.460313E+00  0.460313E+00  0.500000E-02
     1        100     1     2  0.465313E+00  0.465313E+00  0.500000E-02
     1        101     1     3  0.470313E+00  0.470313E+00  0.500000E-02
     1        102     1     2  0.475313E+00  0.475313E+00  0.500000E-02
     1        103     1     4  0.480313E+00  0.480313E+00  0.500000E-02
     1        104     1     2  0.485313E+00  0.485313E+00  0.500000E-02
     1        105     1     4  0.490313E+00  0.490313E+00  0.500000E-02
     1        106     1     4  0.495313E+00  0.495313E+00  0.500000E-02
     1        107     1     4  0.500313E+00  0.500313E+00  0.500000E-02
     1        108     1     5  0.505313E+00  0.505313E+00  0.500000E-02
     1        109     1     4  0.510313E+00  0.510313E+00  0.500000E-02
     1        110     1     4  0.515313E+00  0.515313E+00  0.500000E-02
     1        111     1     3  0.520313E+00  0.520313E+00  0.500000E-02
     1        112     1     5  0.525313E+00  0.525313E+00  0.500000E-02
     1        113     1     4  0.530313E+00  0.530313E+00  0.500000E-02
     1        114     1     4  0.535313E+00  0.535313E+00  0.500000E-02
     1        115     1     4  0.540313E+00  0.540313E+00  0.500000E-02
     1        116     1     3  0.545313E+00  0.545313E+00  0.500000E-02
     1        117     1     4  0.550313E+00  0.550313E+00  0.500000E-02
     1        118     1     3  0.555313E+00  0.555313E+00  0.500000E-02
     1        119     1     4  0.560313E+00  0.560313E+00  0.500000E-02
     1        120     1     3  0.565313E+00  0.565313E+00  0.500000E-02
     1        121     1     3  0.570313E+00  0.570313E+00  0.500000E-02
     1        122     1     3  0.575313E+00  0.575313E+00  0.500000E-02
     1        123     1     3  0.580313E+00  0.580313E+00  0.500000E-02
     1        124     1     3  0.585313E+00  0.585313E+00  0.500000E-02
     1        125     1     3  0.590313E+00  0.590313E+00  0.500000E-02
     1        126     1     2  0.595313E+00  0.595313E+00  0.500000E-02
     1        127     1     3  0.600313E+00  0.600313E+00  0.500000E-02
     1        128     1     2  0.605313E+00  0.605313E+00  0.500000E-02
     1        129     1     2  0.610313E+00  0.610313E+00  0.500000E-02
     1        130     1     3  0.615313E+00  0.615313E+00  0.500000E-02
     1        131     1     2  0.620313E+00  0.620313E+00  0.500000E-02
     1        132     1     3  0.625313E+00  0.625313E+00  0.500000E-02
     1        133     1     3  0.630313E+00  0.630313E+00  0.500000E-02
     1        134     1     3  0.635313E+00  0.635313E+00  0.500000E-02
     1        135     1     3  0.640313E+00  0.640313E+00  0.500000E-02
     1        136     1     3  0.645313E+00  0.645313E+00  0.500000E-02
     1        137     1     4  0.650313E+00  0.650313E+00  0.500000E-02
     1        138     1     3  0.655313E+00  0.655313E+00  0.500000E-02
     1        139     1     3  0.660313E+00  0.660313E+00  0.500000E-02
     1        140     1     3  0.665313E+00  0.665313E+00  0.500000E-02
     1        141     1     4  0.670313E+00  0.670313E+00  0.500000E-02
     1        142     1     3  0.675313E+00  0.675313E+00  0.500000E-02
     1        143     1     3  0.680313E+00  0.680313E+00  0.500000E-02
     1        144     1     3  0.685313E+00  0.685313E+00  0.500000E-02
     1        145     1     3  0.690313E+00  0.690313E+00  0.500000E-02
     1        146     1     4  0.695313E+00  0.695313E+00  0.500000E-02
     1        147     1     3  0.700313E+00  0.700313E+00  0.500000E-02
     1        148     1     3  0.705313E+00  0.705313E+00  0.500000E-02
     1        149     1     5  0.710313E+00  0.710313E+00  0.500000E-02
     1        150     1     3  0.715313E+00  0.715313E+00  0.500000E-02
     1        151     1     5  0.720313E+00  0.720313E+00  0.500000E-02
     1        152     1     4  0.725313E+00  0.725313E+00  0.500000E-02
     1        153     1     4  0.730313E+00  0.730313E+00  0.500000E-02
     1        154     1     3  0.735313E+00  0.735313E+00  0.500000E-02
     1        155     1     3  0.740313E+00  0.740313E+00  0.500000E-02
     1        156     1     3  0.745313E+00  0.745313E+00  0.500000E-02
     1        157     1     3  0.750313E+00  0.750313E+00  0.500000E-02
     1        158     1     3  0.755313E+00  0.755313E+00  0.500000E-02
     1        159     1     3  0.760313E+00  0.760313E+00  0.500000E-02
     1        160     1     4  0.765313E+00  0.765313E+00  0.500000E-02
     1        161     1     4  0.770313E+00  0.770313E+00  0.500000E-02
     1        162     1     3  0.775313E+00  0.775313E+00  0.500000E-02
     1        163     1     2  0.780313E+00  0.780313E+00  0.500000E-02
     1        164     1     3  0.785313E+00  0.785313E+00  0.500000E-02
     1        165     1     3  0.790313E+00  0.790313E+00  0.500000E-02
     1        166     1     3  0.795313E+00  0.795313E+00  0.500000E-02
     1        167     1     2  0.800313E+00  0.800313E+00  0.500000E-02
     1        168     1     2  0.805313E+00  0.805313E+00  0.500000E-02
     1        169     1     3  0.810313E+00  0.810313E+00  0.500000E-02
     1        170     1     2  0.815313E+00  0.815313E+00  0.500000E-02
     1        171     1     2  0.820313E+00  0.820313E+00  0.500000E-02
     1        172     1     3  0.825313E+00  0.825313E+00  0.500000E-02
     1        173     1     3  0.830313E+00  0.830313E+00  0.500000E-02
     1        174     1     3  0.835313E+00  0.835313E+00  0.500000E-02
     1        175     1     3  0.840313E+00  0.840313E+00  0.500000E-02
     1        176     1     3  0.845313E+00  0.845313E+00  0.500000E-02
     1        177     1     4  0.850313E+00  0.850313E+00  0.500000E-02
     1        178     1     2  0.855313E+00  0.855313E+00  0.500000E-02
     1        179     1     3  0.860313E+00  0.860313E+00  0.500000E-02
     1        180     1     3  0.865313E+00  0.865313E+00  0.500000E-02
     1        181     1     3  0.870313E+00  0.870313E+00  0.500000E-02
     1        182     1     2  0.875313E+00  0.875313E+00  0.500000E-02
     1        183     1     3  0.880313E+00  0.880313E+00  0.500000E-02
     1        184     1     3  0.885313E+00  0.885313E+00  0.500000E-02
     1        185     1     4  0.890313E+00  0.890313E+00  0.500000E-02
     1        186     1     3  0.895313E+00  0.895313E+00  0.500000E-02
     1        187     1     3  0.900313E+00  0.900313E+00  0.500000E-02
     1        188     1     3  0.905313E+00  0.905313E+00  0.500000E-02
     1        189     1     4  0.910313E+00  0.910313E+00  0.500000E-02
     1        190     1     4  0.915313E+00  0.915313E+00  0.500000E-02
     1        191     1     3  0.920313E+00  0.920313E+00  0.500000E-02
     1        192     1     3  0.925313E+00  0.925313E+00  0.500000E-02
     1        193     1     3  0.930313E+00  0.930313E+00  0.500000E-02
     1        194     1     3  0.935313E+00  0.935313E+00  0.500000E-02
     1        195     1     3  0.940313E+00  0.940313E+00  0.500000E-02
     1        196     1     3  0.945313E+00  0.945313E+00  0.500000E-02
     1        197     1     3  0.950313E+00  0.950313E+00  0.500000E-02
     1        198     1     2  0.955313E+00  0.955313E+00  0.500000E-02
     1        199     1     3  0.960313E+00  0.960313E+00  0.500000E-02
     1        200     1     2  0.965313E+00  0.965313E+00  0.500000E-02
     1        201     1     3  0.970313E+00  0.970313E+00  0.500000E-02
     1        202     1     3  0.975313E+00  0.975313E+00  0.500000E-02
     1        203     1     3  0.980313E+00  0.980313E+00  0.500000E-02
     1        204     1     3  0.985313E+00  0.985313E+00  0.500000E-02
     1        205     1     2  0.990313E+00  0.990313E+00  0.500000E-02
     1        206     1     2  0.995313E+00  0.995313E+00  0.500000E-02
     1        207     1     3  0.100000E+01  0.100000E+01  0.468750E-02
