2026-10-04 00:14:29 queue: 12 cases, 2 workers x 2 threads
2026-10-04 00:14:29 w1 start H3_mu0.05
2026-10-04 00:14:29 w2 start H8_mu0.05
2026-10-04 00:17:08 w1 done  H3_mu0.05 rc=0      1        200     1     2  0.100000E+01  0.100000E+01  0.500000E-02
2026-10-04 00:17:08 w1 start H12_mu0.05
2026-10-04 00:24:54 w2 done  H8_mu0.05 rc=0      1        200     1     2  0.100000E+01  0.100000E+01  0.500000E-02
2026-10-04 00:24:54 w2 start H3_mu0
2026-10-04 00:26:49 w2 done  H3_mu0 rc=0      1        200     1     3  0.100000E+01  0.100000E+01  0.500000E-02
2026-10-04 00:26:49 w2 start H5_mu0
2026-10-04 00:30:31 w2 done  H5_mu0 rc=0      1        200     1     2  0.100000E+01  0.100000E+01  0.500000E-02
2026-10-04 00:30:31 w2 start H8_mu0
2026-10-04 00:33:42 w1 done  H12_mu0.05 rc=0      1        200     1     2  0.100000E+01  0.100000E+01  0.500000E-02
2026-10-04 00:33:42 w1 start H12_mu0
2026-10-04 00:37:26 w2 done  H8_mu0 rc=0      1        200     1     2  0.100000E+01  0.100000E+01  0.500000E-02
2026-10-04 00:37:26 w2 start H3_mu0.2
2026-10-04 00:40:13 w2 done  H3_mu0.2 rc=0      1        203     1     3  0.100000E+01  0.100000E+01  0.359375E-02
2026-10-04 00:40:13 w2 start H5_mu0.2
2026-10-04 00:44:35 w1 done  H12_mu0 rc=0      1        200     1     2  0.100000E+01  0.100000E+01  0.500000E-02
2026-10-04 00:44:35 w1 start H8_mu0.2
2026-10-04 00:46:02 w2 done  H5_mu0.2 rc=0      1        200     1     3  0.100000E+01  0.100000E+01  0.500000E-02
2026-10-04 00:46:02 w2 start H12_mu0.2
2026-10-04 00:56:26 w1 done  H8_mu0.2 rc=0      1        200     1     2  0.100000E+01  0.100000E+01  0.500000E-02
2026-10-04 00:56:26 w1 start H5_mu0.05_C3D8I
2026-10-04 01:04:21 w2 done  H12_mu0.2 rc=0      1        200     1     3  0.100000E+01  0.100000E+01  0.500000E-02
2026-10-04 01:05:33 w1 done  H5_mu0.05_C3D8I rc=0      1        204     1     3  0.100000E+01  0.100000E+01  0.234375E-02
2026-10-04 01:05:33 queue finished
2026-10-04 01:40:42 queue: 3 cases, 1 workers x 2 threads
2026-10-04 01:40:42 w1 start H8_mu0.05_C3D8I
2026-10-04 02:00:14 w1 done  H8_mu0.05_C3D8I rc=0      1        204     1     4  0.100000E+01  0.100000E+01  0.234375E-02
2026-10-04 02:00:14 w1 start H12_mu0.05_C3D8I
2026-10-04 02:26:23 queue: 2 cases, 1 workers x 2 threads
2026-10-04 02:26:23 w1 start H5_mu0.05_x24
2026-10-04 02:34:25 w1 done  H12_mu0.05_C3D8I rc=0      1        204     1     3  0.100000E+01  0.100000E+01  0.234375E-02
2026-10-04 02:34:25 w1 start H3_mu0.05_C3D8I
2026-10-04 02:38:49 w1 done  H3_mu0.05_C3D8I rc=0      1        204     1     2  0.100000E+01  0.100000E+01  0.234375E-02
2026-10-04 02:38:49 queue finished
2026-10-04 02:38:50 queue: 8 cases, 1 workers x 2 threads
2026-10-04 02:38:50 w1 start H5_mu0_C3D8I
2026-10-04 02:46:38 w1 done  H5_mu0_C3D8I rc=0      1        200     1     3  0.100000E+01  0.100000E+01  0.500000E-02
2026-10-04 02:46:38 w1 start H8_mu0_C3D8I
2026-10-04 03:00:57 w1 done  H8_mu0_C3D8I rc=0      1        200     1     3  0.100000E+01  0.100000E+01  0.500000E-02
2026-10-04 03:00:57 w1 start H12_mu0_C3D8I
2026-10-04 03:01:36 w1 done  H5_mu0.05_x24 rc=0      1        204     1     3  0.100000E+01  0.100000E+01  0.234375E-02
2026-10-04 03:01:36 w1 start H5_mu0.05_h0.05
2026-10-04 03:02:14 w1 done  H5_mu0.05_h0.05 rc=143 
2026-10-04 03:02:14 queue finished
2026-10-04 03:02:20 queue: 8 cases, 1 workers x 2 threads
2026-10-04 03:02:20 w1 start H5_mu0.2_C3D8I
2026-10-04 03:12:30 w1 done  H5_mu0.2_C3D8I rc=0      1        207     1     3  0.100000E+01  0.100000E+01  0.468750E-02
2026-10-04 03:12:30 w1 start H8_mu0.2_C3D8I
2026-10-04 03:25:08 w1 done  H12_mu0_C3D8I rc=0      1        200     1     4  0.100000E+01  0.100000E+01  0.500000E-02
2026-10-04 03:25:08 w1 start H12_mu0.2_C3D8I
2026-10-04 03:33:24 w1 done  H8_mu0.2_C3D8I rc=0      1        204     1     5  0.100000E+01  0.100000E+01  0.234375E-02
2026-10-04 03:33:24 w1 start H3_mu0_C3D8I
2026-10-04 03:37:49 w1 done  H3_mu0_C3D8I rc=0      1        200     1     4  0.100000E+01  0.100000E+01  0.500000E-02
2026-10-04 03:37:49 w1 start H3_mu0.2_C3D8I
2026-10-04 03:42:46 w1 done  H3_mu0.2_C3D8I rc=0      1        207     1     3  0.100000E+01  0.100000E+01  0.937500E-03
2026-10-04 03:42:46 queue finished
2026-10-04 03:43:09 queue: 4 cases, 1 workers x 2 threads
2026-10-04 03:43:09 w1 start H16_mu0.05_C3D8I
2026-10-04 03:59:50 w1 done  H12_mu0.2_C3D8I rc=0      1        204     1     5  0.100000E+01  0.100000E+01  0.234375E-02
2026-10-04 03:59:50 queue finished
2026-10-04 04:00:09 queue: 4 cases, 1 workers x 2 threads
2026-10-04 04:00:09 w1 start H20_mu0.05_C3D8I
2026-10-04 08:31:23 контейнер перезапущен около 04:10: H16_mu0.05_C3D8I и H20_mu0.05_C3D8I оборваны (на 0.74 и 0.23), каталоги сохранены как *_cut1
2026-10-04 08:31:23 queue: 4 cases, 2 workers x 2 threads
2026-10-04 08:31:23 w1 start H16_mu0.05_C3D8I
2026-10-04 08:31:23 w2 start H20_mu0.05_C3D8I
2026-10-04 09:14:34 w1 done  H16_mu0.05_C3D8I rc=0      1        204     1     5  0.100000E+01  0.100000E+01  0.234375E-02
2026-10-04 09:14:34 w1 start H16_mu0_C3D8I
2026-10-04 09:27:53 w2 done  H20_mu0.05_C3D8I rc=0      1        204     1     5  0.100000E+01  0.100000E+01  0.234375E-02
2026-10-04 09:27:53 w2 start H20_mu0_C3D8I
2026-10-04 09:46:21 w1 done  H16_mu0_C3D8I rc=0      1        200     1     3  0.100000E+01  0.100000E+01  0.500000E-02
2026-10-04 10:12:07 w2 done  H20_mu0_C3D8I rc=0      1        200     1     4  0.100000E+01  0.100000E+01  0.500000E-02
2026-10-04 10:12:07 queue finished
