SUMMARY OF JOB INFORMATION
  STEP      INC     ATT  ITRS     TOT TIME     STEP TIME      INC TIME
     1          1     1     2  0.100000E-01  0.100000E-01  0.100000E-01
     1          2     1     2  0.200000E-01  0.200000E-01  0.100000E-01
     1          3     1     2  0.350000E-01  0.350000E-01  0.150000E-01
     1          4     1     2  0.550000E-01  0.550000E-01  0.200000E-01
     1          5     1     2  0.750000E-01  0.750000E-01  0.200000E-01
     1          6     1     2  0.950000E-01  0.950000E-01  0.200000E-01
     1          7     1     2  0.115000E+00  0.115000E+00  0.200000E-01
     1          8     1     2  0.135000E+00  0.135000E+00  0.200000E-01
     1          9     1     2  0.155000E+00  0.155000E+00  0.200000E-01
     1         10     1     2  0.175000E+00  0.175000E+00  0.200000E-01
     1         11     1     2  0.195000E+00  0.195000E+00  0.200000E-01
     1         12     1     2  0.215000E+00  0.215000E+00  0.200000E-01
     1         13     1     2  0.235000E+00  0.235000E+00  0.200000E-01
     1         14     1     2  0.255000E+00  0.255000E+00  0.200000E-01
     1         15     1     2  0.275000E+00  0.275000E+00  0.200000E-01
     1         16     1     2  0.295000E+00  0.295000E+00  0.200000E-01
     1         17     1     2  0.315000E+00  0.315000E+00  0.200000E-01
     1         18     1     2  0.335000E+00  0.335000E+00  0.200000E-01
     1         19     1     2  0.355000E+00  0.355000E+00  0.200000E-01
     1         20     1     2  0.375000E+00  0.375000E+00  0.200000E-01
     1         21     1     2  0.395000E+00  0.395000E+00  0.200000E-01
     1         22     1     2  0.415000E+00  0.415000E+00  0.200000E-01
     1         23     1     2  0.435000E+00  0.435000E+00  0.200000E-01
     1         24     1     3  0.455000E+00  0.455000E+00  0.200000E-01
     1         25     1     3  0.475000E+00  0.475000E+00  0.200000E-01
     1         26     1     3  0.495000E+00  0.495000E+00  0.200000E-01
     1         27     1     2  0.515000E+00  0.515000E+00  0.200000E-01
     1         28     1     2  0.535000E+00  0.535000E+00  0.200000E-01
     1         29     1     3  0.555000E+00  0.555000E+00  0.200000E-01
     1         30     1     3  0.575000E+00  0.575000E+00  0.200000E-01
     1         31     1     3  0.595000E+00  0.595000E+00  0.200000E-01
     1         32     1     3  0.615000E+00  0.615000E+00  0.200000E-01
     1         33     1     4  0.635000E+00  0.635000E+00  0.200000E-01
     1         34     1     4  0.655000E+00  0.655000E+00  0.200000E-01
     1         35     1     6  0.675000E+00  0.675000E+00  0.200000E-01
     1         36     1     8  0.695000E+00  0.695000E+00  0.200000E-01
     1         37     1    12  0.715000E+00  0.715000E+00  0.200000E-01
     1         38     1    11  0.735000E+00  0.735000E+00  0.200000E-01
     1         39     1     9  0.755000E+00  0.755000E+00  0.200000E-01
     1         40     1    10  0.775000E+00  0.775000E+00  0.200000E-01
     1         40     1     3  0.775000E+00  0.775000E+00  0.200000E-01
     1         40     1     4  0.775000E+00  0.775000E+00  0.200000E-01
     1         40     1     4  0.775000E+00  0.775000E+00  0.200000E-01
     1         40     1     4  0.775000E+00  0.775000E+00  0.200000E-01
     1         40     1     4  0.775000E+00  0.775000E+00  0.200000E-01
     1         40     1     4  0.775000E+00  0.775000E+00  0.200000E-01
     1         40     1     4  0.775000E+00  0.775000E+00  0.200000E-01
     1         40     1     4  0.775000E+00  0.775000E+00  0.200000E-01
     1         40     1     2  0.775000E+00  0.775000E+00  0.200000E-01
     1         40     1     2  0.775000E+00  0.775000E+00  0.200000E-01
     1         40     1     2  0.775000E+00  0.775000E+00  0.200000E-01
     1         40     1     2  0.775000E+00  0.775000E+00  0.200000E-01
     1         40     1     2  0.775000E+00  0.775000E+00  0.200000E-01
     1         40     1     2  0.775000E+00  0.775000E+00  0.200000E-01
     1         40     1     2  0.775000E+00  0.775000E+00  0.200000E-01
     1         40     1     2  0.775000E+00  0.775000E+00  0.200000E-01
     1         40     1     2  0.775000E+00  0.775000E+00  0.200000E-01
     1         40     1     2  0.775000E+00  0.775000E+00  0.200000E-01
     1         40     1     2  0.775000E+00  0.775000E+00  0.200000E-01
     1         40     1     2  0.775000E+00  0.775000E+00  0.200000E-01
     1         40     1     2  0.775000E+00  0.775000E+00  0.200000E-01
     1         40     1     2  0.775000E+00  0.775000E+00  0.200000E-01
     1         40     1     2  0.775000E+00  0.775000E+00  0.200000E-01
     1         40     1     2  0.775000E+00  0.775000E+00  0.200000E-01
     1         41     1     9  0.795000E+00  0.795000E+00  0.200000E-01
     1         41     1     2  0.795000E+00  0.795000E+00  0.200000E-01
     1         41     1     2  0.795000E+00  0.795000E+00  0.200000E-01
     1         41     1     2  0.795000E+00  0.795000E+00  0.200000E-01
     1         41     1     2  0.795000E+00  0.795000E+00  0.200000E-01
     1         41     1     2  0.795000E+00  0.795000E+00  0.200000E-01
     1         41     1     2  0.795000E+00  0.795000E+00  0.200000E-01
     1         41     1     2  0.795000E+00  0.795000E+00  0.200000E-01
     1         41     1     2  0.795000E+00  0.795000E+00  0.200000E-01
     1         42     1U    5  0.795000E+00  0.795000E+00  0.200000E-01
     1         42     2     6  0.800000E+00  0.800000E+00  0.500000E-02
     1         42     1     2  0.800000E+00  0.800000E+00  0.500000E-02
     1         42     1     2  0.800000E+00  0.800000E+00  0.500000E-02
     1         42     1     2  0.800000E+00  0.800000E+00  0.500000E-02
     1         42     1     2  0.800000E+00  0.800000E+00  0.500000E-02
     1         42     1     2  0.800000E+00  0.800000E+00  0.500000E-02
     1         42     1     2  0.800000E+00  0.800000E+00  0.500000E-02
     1         42     1     2  0.800000E+00  0.800000E+00  0.500000E-02
     1         42     1     2  0.800000E+00  0.800000E+00  0.500000E-02
     1         43     1     7  0.807500E+00  0.807500E+00  0.750000E-02
     1         43     1     2  0.807500E+00  0.807500E+00  0.750000E-02
     1         43     1     2  0.807500E+00  0.807500E+00  0.750000E-02
     1         43     1     2  0.807500E+00  0.807500E+00  0.750000E-02
     1         43     1     2  0.807500E+00  0.807500E+00  0.750000E-02
     1         43     1     2  0.807500E+00  0.807500E+00  0.750000E-02
     1         43     1     2  0.807500E+00  0.807500E+00  0.750000E-02
     1         43     1     2  0.807500E+00  0.807500E+00  0.750000E-02
     1         43     1     2  0.807500E+00  0.807500E+00  0.750000E-02
     1         44     1U    4  0.807500E+00  0.807500E+00  0.750000E-02
     1         44     2     4  0.809375E+00  0.809375E+00  0.187500E-02
     1         45     1     5  0.811250E+00  0.811250E+00  0.187500E-02
     1         46     1     8  0.813125E+00  0.813125E+00  0.187500E-02
     1         47     1U    8  0.813125E+00  0.813125E+00  0.187500E-02
     1         47     2     4  0.813594E+00  0.813594E+00  0.468750E-03
     1         48     1     4  0.814063E+00  0.814063E+00  0.468750E-03
     1         49     1    10  0.814766E+00  0.814766E+00  0.703125E-03
     1         50     1     5  0.815000E+00  0.815000E+00  0.234375E-03
     1         51     1U    6  0.815000E+00  0.815000E+00  0.200000E-01
     1         51     2    12  0.820000E+00  0.820000E+00  0.500000E-02
     1         51     1     4  0.820000E+00  0.820000E+00  0.500000E-02
     1         51     1     5  0.820000E+00  0.820000E+00  0.500000E-02
     1         51     1     5  0.820000E+00  0.820000E+00  0.500000E-02
     1         51     1     5  0.820000E+00  0.820000E+00  0.500000E-02
     1         51     1     5  0.820000E+00  0.820000E+00  0.500000E-02
     1         51     1     5  0.820000E+00  0.820000E+00  0.500000E-02
     1         51     1     5  0.820000E+00  0.820000E+00  0.500000E-02
     1         51     1     6  0.820000E+00  0.820000E+00  0.500000E-02
     1         52     1    10  0.825000E+00  0.825000E+00  0.500000E-02
     1         52     1     2  0.825000E+00  0.825000E+00  0.500000E-02
     1         52     1     2  0.825000E+00  0.825000E+00  0.500000E-02
     1         52     1     2  0.825000E+00  0.825000E+00  0.500000E-02
     1         52     1     2  0.825000E+00  0.825000E+00  0.500000E-02
     1         52     1     2  0.825000E+00  0.825000E+00  0.500000E-02
     1         52     1     2  0.825000E+00  0.825000E+00  0.500000E-02
     1         52     1     2  0.825000E+00  0.825000E+00  0.500000E-02
     1         52     1     2  0.825000E+00  0.825000E+00  0.500000E-02
     1         53     1    14  0.832500E+00  0.832500E+00  0.750000E-02
     1         53     1     2  0.832500E+00  0.832500E+00  0.750000E-02
     1         53     1     3  0.832500E+00  0.832500E+00  0.750000E-02
     1         53     1     3  0.832500E+00  0.832500E+00  0.750000E-02
     1         53     1     3  0.832500E+00  0.832500E+00  0.750000E-02
     1         53     1     3  0.832500E+00  0.832500E+00  0.750000E-02
     1         53     1     3  0.832500E+00  0.832500E+00  0.750000E-02
     1         53     1     3  0.832500E+00  0.832500E+00  0.750000E-02
     1         53     1     3  0.832500E+00  0.832500E+00  0.750000E-02
     1         54     1     9  0.835000E+00  0.835000E+00  0.250000E-02
     1         54     1     2  0.835000E+00  0.835000E+00  0.250000E-02
     1         54     1     2  0.835000E+00  0.835000E+00  0.250000E-02
     1         54     1     2  0.835000E+00  0.835000E+00  0.250000E-02
     1         54     1     2  0.835000E+00  0.835000E+00  0.250000E-02
     1         54     1     2  0.835000E+00  0.835000E+00  0.250000E-02
     1         54     1     2  0.835000E+00  0.835000E+00  0.250000E-02
     1         54     1     2  0.835000E+00  0.835000E+00  0.250000E-02
     1         54     1     2  0.835000E+00  0.835000E+00  0.250000E-02
     1         55     1U    6  0.835000E+00  0.835000E+00  0.200000E-01
     1         55     2U    4  0.835000E+00  0.835000E+00  0.500000E-02
     1         55     3     7  0.836250E+00  0.836250E+00  0.125000E-02
     1         55     1     2  0.836250E+00  0.836250E+00  0.125000E-02
     1         55     1     2  0.836250E+00  0.836250E+00  0.125000E-02
     1         55     1     2  0.836250E+00  0.836250E+00  0.125000E-02
     1         55     1     2  0.836250E+00  0.836250E+00  0.125000E-02
     1         55     1     2  0.836250E+00  0.836250E+00  0.125000E-02
     1         55     1     2  0.836250E+00  0.836250E+00  0.125000E-02
     1         55     1     2  0.836250E+00  0.836250E+00  0.125000E-02
     1         55     1     2  0.836250E+00  0.836250E+00  0.125000E-02
     1         56     1    16  0.838125E+00  0.838125E+00  0.187500E-02
     1         56     1     2  0.838125E+00  0.838125E+00  0.187500E-02
     1         56     1     2  0.838125E+00  0.838125E+00  0.187500E-02
     1         56     1     2  0.838125E+00  0.838125E+00  0.187500E-02
     1         56     1     2  0.838125E+00  0.838125E+00  0.187500E-02
     1         56     1     2  0.838125E+00  0.838125E+00  0.187500E-02
     1         56     1     2  0.838125E+00  0.838125E+00  0.187500E-02
     1         56     1     2  0.838125E+00  0.838125E+00  0.187500E-02
     1         56     1     2  0.838125E+00  0.838125E+00  0.187500E-02
     1         57     1    10  0.840938E+00  0.840938E+00  0.281250E-02
     1         57     1     2  0.840938E+00  0.840938E+00  0.281250E-02
     1         57     1     2  0.840938E+00  0.840938E+00  0.281250E-02
     1         57     1     2  0.840938E+00  0.840938E+00  0.281250E-02
     1         57     1     2  0.840938E+00  0.840938E+00  0.281250E-02
     1         57     1     2  0.840938E+00  0.840938E+00  0.281250E-02
     1         57     1     2  0.840938E+00  0.840938E+00  0.281250E-02
     1         57     1     2  0.840938E+00  0.840938E+00  0.281250E-02
     1         57     1     2  0.840938E+00  0.840938E+00  0.281250E-02
     1         58     1U    5  0.840938E+00  0.840938E+00  0.421875E-02
     1         58     2    10  0.841992E+00  0.841992E+00  0.105469E-02
     1         58     1     2  0.841992E+00  0.841992E+00  0.105469E-02
     1         58     1     2  0.841992E+00  0.841992E+00  0.105469E-02
     1         58     1     2  0.841992E+00  0.841992E+00  0.105469E-02
     1         58     1     2  0.841992E+00  0.841992E+00  0.105469E-02
     1         58     1     2  0.841992E+00  0.841992E+00  0.105469E-02
     1         58     1     2  0.841992E+00  0.841992E+00  0.105469E-02
     1         58     1     2  0.841992E+00  0.841992E+00  0.105469E-02
     1         58     1     2  0.841992E+00  0.841992E+00  0.105469E-02
     1         59     1     9  0.843574E+00  0.843574E+00  0.158203E-02
     1         59     1     2  0.843574E+00  0.843574E+00  0.158203E-02
     1         59     1     2  0.843574E+00  0.843574E+00  0.158203E-02
     1         59     1     2  0.843574E+00  0.843574E+00  0.158203E-02
     1         59     1     2  0.843574E+00  0.843574E+00  0.158203E-02
     1         59     1     2  0.843574E+00  0.843574E+00  0.158203E-02
     1         59     1     2  0.843574E+00  0.843574E+00  0.158203E-02
     1         59     1     2  0.843574E+00  0.843574E+00  0.158203E-02
     1         59     1     2  0.843574E+00  0.843574E+00  0.158203E-02
     1         60     1    10  0.845947E+00  0.845947E+00  0.237305E-02
     1         60     1     2  0.845947E+00  0.845947E+00  0.237305E-02
     1         60     1     2  0.845947E+00  0.845947E+00  0.237305E-02
     1         60     1     2  0.845947E+00  0.845947E+00  0.237305E-02
     1         60     1     2  0.845947E+00  0.845947E+00  0.237305E-02
     1         60     1     2  0.845947E+00  0.845947E+00  0.237305E-02
     1         60     1     2  0.845947E+00  0.845947E+00  0.237305E-02
     1         60     1     2  0.845947E+00  0.845947E+00  0.237305E-02
     1         60     1     2  0.845947E+00  0.845947E+00  0.237305E-02
     1         61     1U    8  0.845947E+00  0.845947E+00  0.355957E-02
     1         61     2U    8  0.845947E+00  0.845947E+00  0.177979E-02
     1         61     3     7  0.846837E+00  0.846837E+00  0.889893E-03
     1         61     1     2  0.846837E+00  0.846837E+00  0.889893E-03
     1         61     1     2  0.846837E+00  0.846837E+00  0.889893E-03
     1         61     1     2  0.846837E+00  0.846837E+00  0.889893E-03
     1         61     1     2  0.846837E+00  0.846837E+00  0.889893E-03
     1         61     1     2  0.846837E+00  0.846837E+00  0.889893E-03
     1         61     1     2  0.846837E+00  0.846837E+00  0.889893E-03
     1         61     1     2  0.846837E+00  0.846837E+00  0.889893E-03
     1         61     1     2  0.846837E+00  0.846837E+00  0.889893E-03
     1         62     1U    8  0.846837E+00  0.846837E+00  0.133484E-02
     1         62     2U    6  0.846837E+00  0.846837E+00  0.667419E-03
     1         62     3     2  0.847004E+00  0.847004E+00  0.166855E-03
     1         62     1     2  0.847004E+00  0.847004E+00  0.166855E-03
     1         62     1     2  0.847004E+00  0.847004E+00  0.166855E-03
     1         62     1     2  0.847004E+00  0.847004E+00  0.166855E-03
     1         62     1     2  0.847004E+00  0.847004E+00  0.166855E-03
     1         62     1     2  0.847004E+00  0.847004E+00  0.166855E-03
     1         62     1     2  0.847004E+00  0.847004E+00  0.166855E-03
     1         62     1     2  0.847004E+00  0.847004E+00  0.166855E-03
     1         62     1     2  0.847004E+00  0.847004E+00  0.166855E-03
     1         63     1     3  0.847254E+00  0.847254E+00  0.250282E-03
     1         63     1     2  0.847254E+00  0.847254E+00  0.250282E-03
     1         63     1     2  0.847254E+00  0.847254E+00  0.250282E-03
     1         63     1     2  0.847254E+00  0.847254E+00  0.250282E-03
     1         63     1     2  0.847254E+00  0.847254E+00  0.250282E-03
     1         63     1     2  0.847254E+00  0.847254E+00  0.250282E-03
     1         63     1     2  0.847254E+00  0.847254E+00  0.250282E-03
     1         63     1     2  0.847254E+00  0.847254E+00  0.250282E-03
     1         63     1     2  0.847254E+00  0.847254E+00  0.250282E-03
     1         64     1    13  0.847630E+00  0.847630E+00  0.375423E-03
     1         64     1     2  0.847630E+00  0.847630E+00  0.375423E-03
     1         64     1     2  0.847630E+00  0.847630E+00  0.375423E-03
     1         64     1     2  0.847630E+00  0.847630E+00  0.375423E-03
     1         64     1     2  0.847630E+00  0.847630E+00  0.375423E-03
     1         64     1     2  0.847630E+00  0.847630E+00  0.375423E-03
     1         64     1     2  0.847630E+00  0.847630E+00  0.375423E-03
     1         64     1     2  0.847630E+00  0.847630E+00  0.375423E-03
     1         64     1     2  0.847630E+00  0.847630E+00  0.375423E-03
     1         65     1     9  0.848193E+00  0.848193E+00  0.563135E-03
     1         65     1     2  0.848193E+00  0.848193E+00  0.563135E-03
     1         65     1     2  0.848193E+00  0.848193E+00  0.563135E-03
     1         65     1     2  0.848193E+00  0.848193E+00  0.563135E-03
     1         65     1     2  0.848193E+00  0.848193E+00  0.563135E-03
     1         65     1     2  0.848193E+00  0.848193E+00  0.563135E-03
     1         65     1     2  0.848193E+00  0.848193E+00  0.563135E-03
     1         65     1     2  0.848193E+00  0.848193E+00  0.563135E-03
     1         65     1     2  0.848193E+00  0.848193E+00  0.563135E-03
     1         66     1    10  0.849038E+00  0.849038E+00  0.844703E-03
     1         66     1     2  0.849038E+00  0.849038E+00  0.844703E-03
     1         66     1     2  0.849038E+00  0.849038E+00  0.844703E-03
     1         66     1     2  0.849038E+00  0.849038E+00  0.844703E-03
     1         66     1     2  0.849038E+00  0.849038E+00  0.844703E-03
     1         66     1     2  0.849038E+00  0.849038E+00  0.844703E-03
     1         66     1     2  0.849038E+00  0.849038E+00  0.844703E-03
     1         66     1     2  0.849038E+00  0.849038E+00  0.844703E-03
     1         66     1     2  0.849038E+00  0.849038E+00  0.844703E-03
     1         67     1     6  0.850305E+00  0.850305E+00  0.126705E-02
     1         67     1     2  0.850305E+00  0.850305E+00  0.126705E-02
     1         67     1     2  0.850305E+00  0.850305E+00  0.126705E-02
     1         67     1     2  0.850305E+00  0.850305E+00  0.126705E-02
     1         67     1     2  0.850305E+00  0.850305E+00  0.126705E-02
     1         67     1     2  0.850305E+00  0.850305E+00  0.126705E-02
     1         67     1     2  0.850305E+00  0.850305E+00  0.126705E-02
     1         67     1     2  0.850305E+00  0.850305E+00  0.126705E-02
     1         67     1     2  0.850305E+00  0.850305E+00  0.126705E-02
     1         68     1    11  0.852205E+00  0.852205E+00  0.190058E-02
     1         68     1U    4  0.850305E+00  0.850305E+00  0.190058E-02
     1         68     1     2  0.852205E+00  0.852205E+00  0.190058E-02
     1         68     1U    4  0.850305E+00  0.850305E+00  0.190058E-02
     1         68     1U    4  0.850305E+00  0.850305E+00  0.190058E-02
     1         68     1U    4  0.850305E+00  0.850305E+00  0.190058E-02
     1         68     1U    4  0.850305E+00  0.850305E+00  0.190058E-02
     1         68     1U    4  0.850305E+00  0.850305E+00  0.190058E-02
     1         68     1U    4  0.850305E+00  0.850305E+00  0.190058E-02
     1         68     1U    4  0.850305E+00  0.850305E+00  0.190058E-02
     1         68     2     4  0.850780E+00  0.850780E+00  0.475145E-03
     1         68     1     2  0.850780E+00  0.850780E+00  0.475145E-03
     1         68     1     2  0.850780E+00  0.850780E+00  0.475145E-03
     1         68     1     2  0.850780E+00  0.850780E+00  0.475145E-03
     1         68     1     2  0.850780E+00  0.850780E+00  0.475145E-03
     1         68     1     2  0.850780E+00  0.850780E+00  0.475145E-03
     1         68     1     2  0.850780E+00  0.850780E+00  0.475145E-03
     1         68     1     2  0.850780E+00  0.850780E+00  0.475145E-03
     1         68     1     2  0.850780E+00  0.850780E+00  0.475145E-03
     1         68     1     2  0.850780E+00  0.850780E+00  0.475145E-03
     1         68     1     2  0.850780E+00  0.850780E+00  0.475145E-03
     1         68     1     2  0.850780E+00  0.850780E+00  0.475145E-03
     1         68     1     2  0.850780E+00  0.850780E+00  0.475145E-03
     1         68     1     2  0.850780E+00  0.850780E+00  0.475145E-03
     1         68     1     2  0.850780E+00  0.850780E+00  0.475145E-03
     1         68     1     2  0.850780E+00  0.850780E+00  0.475145E-03
     1         68     1     2  0.850780E+00  0.850780E+00  0.475145E-03
