SUMMARY OF JOB INFORMATION
  STEP      INC     ATT  ITRS     TOT TIME     STEP TIME      INC TIME
     1          1     1     8  0.100000E-01  0.100000E-01  0.100000E-01
     1          2     1     5  0.200000E-01  0.200000E-01  0.100000E-01
     1          3     1     5  0.350000E-01  0.350000E-01  0.150000E-01
     1          4     1     5  0.550000E-01  0.550000E-01  0.200000E-01
     1          5     1     4  0.750000E-01  0.750000E-01  0.200000E-01
     1          6     1     4  0.950000E-01  0.950000E-01  0.200000E-01
     1          7     1     4  0.115000E+00  0.115000E+00  0.200000E-01
     1          8     1     5  0.135000E+00  0.135000E+00  0.200000E-01
     1          9     1     5  0.155000E+00  0.155000E+00  0.200000E-01
     1         10     1     5  0.175000E+00  0.175000E+00  0.200000E-01
     1         11     1     5  0.195000E+00  0.195000E+00  0.200000E-01
     1         12     1     4  0.215000E+00  0.215000E+00  0.200000E-01
     1         13     1     4  0.235000E+00  0.235000E+00  0.200000E-01
     1         14     1     4  0.255000E+00  0.255000E+00  0.200000E-01
     1         15     1     4  0.275000E+00  0.275000E+00  0.200000E-01
     1         16     1     4  0.295000E+00  0.295000E+00  0.200000E-01
     1         17     1     4  0.315000E+00  0.315000E+00  0.200000E-01
     1         18     1     7  0.335000E+00  0.335000E+00  0.200000E-01
     1         19     1    10  0.355000E+00  0.355000E+00  0.200000E-01
     1         20     1     8  0.375000E+00  0.375000E+00  0.200000E-01
     1         21     1     9  0.395000E+00  0.395000E+00  0.200000E-01
     1         22     1    14  0.415000E+00  0.415000E+00  0.200000E-01
     1         23     1U   38  0.415000E+00  0.415000E+00  0.200000E-01
     1         23     2U   60  0.415000E+00  0.415000E+00  0.200000E-01
     1         23     3    32  0.425000E+00  0.425000E+00  0.100000E-01
     1         24     1U   60  0.425000E+00  0.425000E+00  0.100000E-01
     1         24     2U   60  0.425000E+00  0.425000E+00  0.100000E-01
     1         24     3    20  0.430000E+00  0.430000E+00  0.500000E-02
