SUMMARY OF JOB INFORMATION
  STEP      INC     ATT  ITRS     TOT TIME     STEP TIME      INC TIME
     1          1     1     6  0.500000E-02  0.500000E-02  0.500000E-02
     1          2     1     2  0.100000E-01  0.100000E-01  0.500000E-02
     1          3     1     4  0.150000E-01  0.150000E-01  0.500000E-02
     1          4     1     3  0.200000E-01  0.200000E-01  0.500000E-02
     1          5     1     2  0.250000E-01  0.250000E-01  0.500000E-02
     1          6     1     2  0.300000E-01  0.300000E-01  0.500000E-02
     1          7     1     2  0.350000E-01  0.350000E-01  0.500000E-02
     1          8     1     2  0.400000E-01  0.400000E-01  0.500000E-02
     1          9     1     2  0.450000E-01  0.450000E-01  0.500000E-02
     1         10     1     2  0.500000E-01  0.500000E-01  0.500000E-02
     1         11     1     2  0.550000E-01  0.550000E-01  0.500000E-02
     1         12     1     2  0.600000E-01  0.600000E-01  0.500000E-02
     1         13     1     2  0.650000E-01  0.650000E-01  0.500000E-02
     1         14     1     4  0.700000E-01  0.700000E-01  0.500000E-02
     1         15     1     4  0.750000E-01  0.750000E-01  0.500000E-02
     1         16     1     2  0.800000E-01  0.800000E-01  0.500000E-02
     1         17     1     4  0.850000E-01  0.850000E-01  0.500000E-02
     1         18     1     4  0.900000E-01  0.900000E-01  0.500000E-02
     1         19     1     3  0.950000E-01  0.950000E-01  0.500000E-02
     1         20     1     3  0.100000E+00  0.100000E+00  0.500000E-02
     1         21     1     2  0.105000E+00  0.105000E+00  0.500000E-02
     1         22     1     2  0.110000E+00  0.110000E+00  0.500000E-02
     1         23     1     3  0.115000E+00  0.115000E+00  0.500000E-02
     1         24     1     2  0.120000E+00  0.120000E+00  0.500000E-02
     1         25     1     2  0.125000E+00  0.125000E+00  0.500000E-02
     1         26     1     2  0.130000E+00  0.130000E+00  0.500000E-02
     1         27     1     2  0.135000E+00  0.135000E+00  0.500000E-02
     1         28     1     2  0.140000E+00  0.140000E+00  0.500000E-02
     1         29     1     3  0.145000E+00  0.145000E+00  0.500000E-02
     1         30     1     4  0.150000E+00  0.150000E+00  0.500000E-02
     1         31     1     3  0.155000E+00  0.155000E+00  0.500000E-02
     1         32     1     2  0.160000E+00  0.160000E+00  0.500000E-02
     1         33     1     2  0.165000E+00  0.165000E+00  0.500000E-02
     1         34     1     2  0.170000E+00  0.170000E+00  0.500000E-02
     1         35     1     2  0.175000E+00  0.175000E+00  0.500000E-02
     1         36     1     2  0.180000E+00  0.180000E+00  0.500000E-02
     1         37     1     4  0.185000E+00  0.185000E+00  0.500000E-02
     1         38     1     3  0.190000E+00  0.190000E+00  0.500000E-02
     1         39     1     3  0.195000E+00  0.195000E+00  0.500000E-02
     1         40     1     3  0.200000E+00  0.200000E+00  0.500000E-02
     1         41     1     4  0.205000E+00  0.205000E+00  0.500000E-02
     1         42     1     3  0.210000E+00  0.210000E+00  0.500000E-02
     1         43     1     3  0.215000E+00  0.215000E+00  0.500000E-02
     1         44     1     3  0.220000E+00  0.220000E+00  0.500000E-02
     1         45     1     3  0.225000E+00  0.225000E+00  0.500000E-02
     1         46     1     3  0.230000E+00  0.230000E+00  0.500000E-02
     1         47     1     3  0.235000E+00  0.235000E+00  0.500000E-02
     1         48     1     2  0.240000E+00  0.240000E+00  0.500000E-02
     1         49     1     2  0.245000E+00  0.245000E+00  0.500000E-02
     1         50     1     2  0.250000E+00  0.250000E+00  0.500000E-02
     1         51     1     2  0.255000E+00  0.255000E+00  0.500000E-02
     1         52     1     3  0.260000E+00  0.260000E+00  0.500000E-02
     1         53     1     2  0.265000E+00  0.265000E+00  0.500000E-02
     1         54     1     2  0.270000E+00  0.270000E+00  0.500000E-02
     1         55     1     2  0.275000E+00  0.275000E+00  0.500000E-02
     1         56     1     2  0.280000E+00  0.280000E+00  0.500000E-02
     1         57     1     2  0.285000E+00  0.285000E+00  0.500000E-02
     1         58     1     2  0.290000E+00  0.290000E+00  0.500000E-02
     1         59     1     2  0.295000E+00  0.295000E+00  0.500000E-02
     1         60     1     2  0.300000E+00  0.300000E+00  0.500000E-02
     1         61     1     3  0.305000E+00  0.305000E+00  0.500000E-02
     1         62     1     3  0.310000E+00  0.310000E+00  0.500000E-02
     1         63     1     2  0.315000E+00  0.315000E+00  0.500000E-02
     1         64     1     2  0.320000E+00  0.320000E+00  0.500000E-02
     1         65     1     4  0.325000E+00  0.325000E+00  0.500000E-02
     1         66     1     3  0.330000E+00  0.330000E+00  0.500000E-02
     1         67     1     2  0.335000E+00  0.335000E+00  0.500000E-02
     1         68     1     3  0.340000E+00  0.340000E+00  0.500000E-02
     1         69     1     2  0.345000E+00  0.345000E+00  0.500000E-02
     1         70     1     2  0.350000E+00  0.350000E+00  0.500000E-02
     1         71     1     2  0.355000E+00  0.355000E+00  0.500000E-02
     1         72     1     3  0.360000E+00  0.360000E+00  0.500000E-02
     1         73     1     3  0.365000E+00  0.365000E+00  0.500000E-02
     1         74     1     2  0.370000E+00  0.370000E+00  0.500000E-02
     1         75     1     3  0.375000E+00  0.375000E+00  0.500000E-02
