SUMMARY OF JOB INFORMATION
  STEP      INC     ATT  ITRS     TOT TIME     STEP TIME      INC TIME
     1          1     1     7  0.500000E-02  0.500000E-02  0.500000E-02
     1          2     1     2  0.100000E-01  0.100000E-01  0.500000E-02
     1          3     1     4  0.150000E-01  0.150000E-01  0.500000E-02
     1          4     1U    4  0.150000E-01  0.150000E-01  0.500000E-02
     1          4     2     4  0.162500E-01  0.162500E-01  0.125000E-02
     1          5     1     4  0.175000E-01  0.175000E-01  0.125000E-02
     1          6     1     3  0.193750E-01  0.193750E-01  0.187500E-02
     1          7     1     3  0.221875E-01  0.221875E-01  0.281250E-02
     1          8     1     3  0.264063E-01  0.264063E-01  0.421875E-02
     1          9     1     3  0.314063E-01  0.314063E-01  0.500000E-02
     1         10     1     3  0.364063E-01  0.364063E-01  0.500000E-02
     1         11     1     3  0.414062E-01  0.414062E-01  0.500000E-02
     1         12     1     3  0.464062E-01  0.464062E-01  0.500000E-02
     1         13     1     2  0.514062E-01  0.514062E-01  0.500000E-02
     1         14     1     3  0.564062E-01  0.564062E-01  0.500000E-02
     1         15     1     2  0.614062E-01  0.614062E-01  0.500000E-02
     1         16     1     2  0.664062E-01  0.664062E-01  0.500000E-02
     1         17     1     2  0.714062E-01  0.714062E-01  0.500000E-02
     1         18     1     4  0.764062E-01  0.764062E-01  0.500000E-02
     1         19     1     3  0.814062E-01  0.814062E-01  0.500000E-02
     1         20     1     3  0.864063E-01  0.864063E-01  0.500000E-02
     1         21     1     4  0.914063E-01  0.914063E-01  0.500000E-02
     1         22     1     3  0.964063E-01  0.964063E-01  0.500000E-02
     1         23     1     3  0.101406E+00  0.101406E+00  0.500000E-02
     1         24     1     3  0.106406E+00  0.106406E+00  0.500000E-02
     1         25     1     2  0.111406E+00  0.111406E+00  0.500000E-02
     1         26     1     2  0.116406E+00  0.116406E+00  0.500000E-02
     1         27     1     3  0.121406E+00  0.121406E+00  0.500000E-02
     1         28     1     2  0.126406E+00  0.126406E+00  0.500000E-02
     1         29     1     2  0.131406E+00  0.131406E+00  0.500000E-02
     1         30     1     2  0.136406E+00  0.136406E+00  0.500000E-02
     1         31     1     3  0.141406E+00  0.141406E+00  0.500000E-02
     1         32     1     2  0.146406E+00  0.146406E+00  0.500000E-02
     1         33     1     3  0.151406E+00  0.151406E+00  0.500000E-02
     1         34     1     3  0.156406E+00  0.156406E+00  0.500000E-02
     1         35     1     4  0.161406E+00  0.161406E+00  0.500000E-02
     1         36     1     2  0.166406E+00  0.166406E+00  0.500000E-02
     1         37     1     3  0.171406E+00  0.171406E+00  0.500000E-02
     1         38     1     3  0.176406E+00  0.176406E+00  0.500000E-02
     1         39     1     3  0.181406E+00  0.181406E+00  0.500000E-02
     1         40     1     3  0.186406E+00  0.186406E+00  0.500000E-02
     1         41     1     2  0.191406E+00  0.191406E+00  0.500000E-02
     1         42     1     3  0.196406E+00  0.196406E+00  0.500000E-02
     1         43     1     2  0.201406E+00  0.201406E+00  0.500000E-02
     1         44     1     3  0.206406E+00  0.206406E+00  0.500000E-02
     1         45     1     3  0.211406E+00  0.211406E+00  0.500000E-02
     1         46     1     2  0.216406E+00  0.216406E+00  0.500000E-02
     1         47     1     2  0.221406E+00  0.221406E+00  0.500000E-02
     1         48     1     2  0.226406E+00  0.226406E+00  0.500000E-02
     1         49     1     3  0.231406E+00  0.231406E+00  0.500000E-02
     1         50     1     2  0.236406E+00  0.236406E+00  0.500000E-02
     1         51     1     4  0.241406E+00  0.241406E+00  0.500000E-02
     1         52     1     3  0.246406E+00  0.246406E+00  0.500000E-02
     1         53     1     3  0.251406E+00  0.251406E+00  0.500000E-02
     1         54     1     3  0.256406E+00  0.256406E+00  0.500000E-02
     1         55     1     2  0.261406E+00  0.261406E+00  0.500000E-02
     1         56     1     3  0.266406E+00  0.266406E+00  0.500000E-02
     1         57     1     4  0.271406E+00  0.271406E+00  0.500000E-02
     1         58     1     2  0.276406E+00  0.276406E+00  0.500000E-02
     1         59     1     2  0.281406E+00  0.281406E+00  0.500000E-02
     1         60     1     2  0.286406E+00  0.286406E+00  0.500000E-02
     1         61     1     2  0.291406E+00  0.291406E+00  0.500000E-02
     1         62     1     3  0.296406E+00  0.296406E+00  0.500000E-02
     1         63     1     2  0.301406E+00  0.301406E+00  0.500000E-02
     1         64     1     3  0.306406E+00  0.306406E+00  0.500000E-02
     1         65     1     3  0.311406E+00  0.311406E+00  0.500000E-02
     1         66     1     3  0.316406E+00  0.316406E+00  0.500000E-02
     1         67     1     3  0.321406E+00  0.321406E+00  0.500000E-02
     1         68     1     4  0.326406E+00  0.326406E+00  0.500000E-02
     1         69     1     3  0.331406E+00  0.331406E+00  0.500000E-02
     1         70     1     3  0.336406E+00  0.336406E+00  0.500000E-02
     1         71     1     3  0.341406E+00  0.341406E+00  0.500000E-02
     1         72     1     3  0.346406E+00  0.346406E+00  0.500000E-02
     1         73     1     2  0.351406E+00  0.351406E+00  0.500000E-02
     1         74     1     2  0.356406E+00  0.356406E+00  0.500000E-02
     1         75     1     2  0.361406E+00  0.361406E+00  0.500000E-02
     1         76     1     3  0.366406E+00  0.366406E+00  0.500000E-02
     1         77     1     3  0.371406E+00  0.371406E+00  0.500000E-02
     1         78     1     2  0.376406E+00  0.376406E+00  0.500000E-02
     1         79     1     2  0.381406E+00  0.381406E+00  0.500000E-02
     1         80     1     2  0.386406E+00  0.386406E+00  0.500000E-02
     1         81     1     3  0.391406E+00  0.391406E+00  0.500000E-02
     1         82     1     2  0.396406E+00  0.396406E+00  0.500000E-02
     1         83     1     2  0.401406E+00  0.401406E+00  0.500000E-02
     1         84     1     3  0.406406E+00  0.406406E+00  0.500000E-02
     1         85     1     3  0.411406E+00  0.411406E+00  0.500000E-02
     1         86     1     2  0.416406E+00  0.416406E+00  0.500000E-02
     1         87     1     2  0.421406E+00  0.421406E+00  0.500000E-02
     1         88     1     2  0.426406E+00  0.426406E+00  0.500000E-02
     1         89     1     3  0.431406E+00  0.431406E+00  0.500000E-02
     1         90     1     2  0.436406E+00  0.436406E+00  0.500000E-02
     1         91     1     2  0.441406E+00  0.441406E+00  0.500000E-02
     1         92     1     2  0.446406E+00  0.446406E+00  0.500000E-02
     1         93     1     2  0.451406E+00  0.451406E+00  0.500000E-02
     1         94     1     3  0.456406E+00  0.456406E+00  0.500000E-02
     1         95     1     2  0.461406E+00  0.461406E+00  0.500000E-02
     1         96     1     3  0.466406E+00  0.466406E+00  0.500000E-02
     1         97     1     3  0.471406E+00  0.471406E+00  0.500000E-02
     1         98     1     3  0.476406E+00  0.476406E+00  0.500000E-02
     1         99     1     3  0.481406E+00  0.481406E+00  0.500000E-02
     1        100     1     2  0.486406E+00  0.486406E+00  0.500000E-02
     1        101     1     3  0.491406E+00  0.491406E+00  0.500000E-02
     1        102     1     2  0.496406E+00  0.496406E+00  0.500000E-02
     1        103     1     2  0.501406E+00  0.501406E+00  0.500000E-02
     1        104     1     3  0.506406E+00  0.506406E+00  0.500000E-02
     1        105     1     3  0.511406E+00  0.511406E+00  0.500000E-02
     1        106     1     2  0.516406E+00  0.516406E+00  0.500000E-02
     1        107     1     2  0.521406E+00  0.521406E+00  0.500000E-02
     1        108     1     2  0.526406E+00  0.526406E+00  0.500000E-02
     1        109     1     3  0.531406E+00  0.531406E+00  0.500000E-02
     1        110     1     3  0.536406E+00  0.536406E+00  0.500000E-02
     1        111     1     3  0.541406E+00  0.541406E+00  0.500000E-02
     1        112     1     2  0.546406E+00  0.546406E+00  0.500000E-02
     1        113     1     3  0.551406E+00  0.551406E+00  0.500000E-02
     1        114     1     4  0.556406E+00  0.556406E+00  0.500000E-02
     1        115     1     2  0.561406E+00  0.561406E+00  0.500000E-02
     1        116     1     3  0.566406E+00  0.566406E+00  0.500000E-02
     1        117     1     2  0.571406E+00  0.571406E+00  0.500000E-02
     1        118     1     3  0.576406E+00  0.576406E+00  0.500000E-02
     1        119     1     3  0.581406E+00  0.581406E+00  0.500000E-02
     1        120     1     2  0.586406E+00  0.586406E+00  0.500000E-02
     1        121     1     2  0.591406E+00  0.591406E+00  0.500000E-02
     1        122     1     2  0.596406E+00  0.596406E+00  0.500000E-02
     1        123     1     2  0.601406E+00  0.601406E+00  0.500000E-02
     1        124     1     3  0.606406E+00  0.606406E+00  0.500000E-02
     1        125     1     3  0.611406E+00  0.611406E+00  0.500000E-02
     1        126     1     3  0.616406E+00  0.616406E+00  0.500000E-02
     1        127     1     3  0.621406E+00  0.621406E+00  0.500000E-02
     1        128     1     3  0.626406E+00  0.626406E+00  0.500000E-02
     1        129     1     2  0.631406E+00  0.631406E+00  0.500000E-02
     1        130     1     3  0.636406E+00  0.636406E+00  0.500000E-02
     1        131     1     3  0.641406E+00  0.641406E+00  0.500000E-02
     1        132     1     3  0.646406E+00  0.646406E+00  0.500000E-02
     1        133     1     3  0.651406E+00  0.651406E+00  0.500000E-02
     1        134     1     2  0.656406E+00  0.656406E+00  0.500000E-02
     1        135     1     3  0.661406E+00  0.661406E+00  0.500000E-02
     1        136     1     3  0.666406E+00  0.666406E+00  0.500000E-02
     1        137     1     3  0.671406E+00  0.671406E+00  0.500000E-02
     1        138     1     2  0.676406E+00  0.676406E+00  0.500000E-02
     1        139     1     2  0.681406E+00  0.681406E+00  0.500000E-02
     1        140     1     3  0.686406E+00  0.686406E+00  0.500000E-02
     1        141     1     2  0.691406E+00  0.691406E+00  0.500000E-02
     1        142     1     3  0.696406E+00  0.696406E+00  0.500000E-02
     1        143     1     2  0.701406E+00  0.701406E+00  0.500000E-02
     1        144     1     3  0.706406E+00  0.706406E+00  0.500000E-02
     1        145     1     2  0.711406E+00  0.711406E+00  0.500000E-02
     1        146     1     4  0.716406E+00  0.716406E+00  0.500000E-02
     1        147     1     3  0.721406E+00  0.721406E+00  0.500000E-02
     1        148     1     3  0.726406E+00  0.726406E+00  0.500000E-02
     1        149     1     3  0.731406E+00  0.731406E+00  0.500000E-02
     1        150     1     3  0.736406E+00  0.736406E+00  0.500000E-02
     1        151     1     3  0.741406E+00  0.741406E+00  0.500000E-02
     1        152     1     2  0.746406E+00  0.746406E+00  0.500000E-02
     1        153     1     3  0.751406E+00  0.751406E+00  0.500000E-02
     1        154     1     2  0.756406E+00  0.756406E+00  0.500000E-02
     1        155     1     2  0.761406E+00  0.761406E+00  0.500000E-02
     1        156     1     3  0.766406E+00  0.766406E+00  0.500000E-02
     1        157     1     2  0.771406E+00  0.771406E+00  0.500000E-02
     1        158     1     3  0.776406E+00  0.776406E+00  0.500000E-02
     1        159     1     2  0.781406E+00  0.781406E+00  0.500000E-02
     1        160     1     2  0.786406E+00  0.786406E+00  0.500000E-02
     1        161     1     2  0.791406E+00  0.791406E+00  0.500000E-02
     1        162     1     2  0.796406E+00  0.796406E+00  0.500000E-02
     1        163     1     3  0.801406E+00  0.801406E+00  0.500000E-02
     1        164     1     3  0.806406E+00  0.806406E+00  0.500000E-02
     1        165     1     3  0.811406E+00  0.811406E+00  0.500000E-02
     1        166     1     3  0.816406E+00  0.816406E+00  0.500000E-02
     1        167     1     2  0.821406E+00  0.821406E+00  0.500000E-02
     1        168     1     2  0.826406E+00  0.826406E+00  0.500000E-02
     1        169     1     2  0.831406E+00  0.831406E+00  0.500000E-02
     1        170     1     3  0.836406E+00  0.836406E+00  0.500000E-02
     1        171     1     3  0.841406E+00  0.841406E+00  0.500000E-02
     1        172     1     3  0.846406E+00  0.846406E+00  0.500000E-02
     1        173     1     3  0.851406E+00  0.851406E+00  0.500000E-02
     1        174     1     2  0.856406E+00  0.856406E+00  0.500000E-02
     1        175     1     3  0.861406E+00  0.861406E+00  0.500000E-02
     1        176     1     2  0.866406E+00  0.866406E+00  0.500000E-02
     1        177     1     3  0.871406E+00  0.871406E+00  0.500000E-02
     1        178     1     3  0.876406E+00  0.876406E+00  0.500000E-02
     1        179     1     2  0.881406E+00  0.881406E+00  0.500000E-02
     1        180     1     2  0.886406E+00  0.886406E+00  0.500000E-02
     1        181     1     2  0.891406E+00  0.891406E+00  0.500000E-02
     1        182     1     3  0.896406E+00  0.896406E+00  0.500000E-02
     1        183     1     2  0.901406E+00  0.901406E+00  0.500000E-02
     1        184     1     2  0.906406E+00  0.906406E+00  0.500000E-02
     1        185     1     2  0.911406E+00  0.911406E+00  0.500000E-02
     1        186     1     3  0.916406E+00  0.916406E+00  0.500000E-02
     1        187     1     2  0.921406E+00  0.921406E+00  0.500000E-02
     1        188     1     2  0.926406E+00  0.926406E+00  0.500000E-02
     1        189     1     3  0.931406E+00  0.931406E+00  0.500000E-02
     1        190     1     3  0.936406E+00  0.936406E+00  0.500000E-02
     1        191     1     2  0.941406E+00  0.941406E+00  0.500000E-02
     1        192     1     2  0.946406E+00  0.946406E+00  0.500000E-02
     1        193     1     2  0.951406E+00  0.951406E+00  0.500000E-02
     1        194     1     3  0.956406E+00  0.956406E+00  0.500000E-02
     1        195     1     3  0.961406E+00  0.961406E+00  0.500000E-02
     1        196     1     3  0.966406E+00  0.966406E+00  0.500000E-02
     1        197     1     3  0.971406E+00  0.971406E+00  0.500000E-02
     1        198     1     2  0.976406E+00  0.976406E+00  0.500000E-02
     1        199     1     2  0.981406E+00  0.981406E+00  0.500000E-02
     1        200     1     2  0.986406E+00  0.986406E+00  0.500000E-02
     1        201     1     3  0.991406E+00  0.991406E+00  0.500000E-02
     1        202     1     3  0.996406E+00  0.996406E+00  0.500000E-02
     1        203     1     3  0.100000E+01  0.100000E+01  0.359375E-02
