SUMMARY OF JOB INFORMATION
  STEP      INC     ATT  ITRS     TOT TIME     STEP TIME      INC TIME
     1          1     1U    4  0.000000E+00  0.000000E+00  0.500000E-02
     1          1     2     6  0.125000E-02  0.125000E-02  0.125000E-02
     1          2     1     2  0.250000E-02  0.250000E-02  0.125000E-02
     1          3     1     2  0.375000E-02  0.375000E-02  0.125000E-02
     1          4     1     2  0.562500E-02  0.562500E-02  0.187500E-02
     1          5     1     2  0.843750E-02  0.843750E-02  0.281250E-02
     1          6     1     3  0.126563E-01  0.126563E-01  0.421875E-02
     1          7     1     7  0.176563E-01  0.176563E-01  0.500000E-02
     1          8     1U    4  0.176563E-01  0.176563E-01  0.500000E-02
     1          8     2     4  0.189063E-01  0.189063E-01  0.125000E-02
     1          9     1     3  0.201563E-01  0.201563E-01  0.125000E-02
     1         10     1     3  0.220313E-01  0.220313E-01  0.187500E-02
     1         11     1     3  0.248438E-01  0.248438E-01  0.281250E-02
     1         12     1     3  0.290625E-01  0.290625E-01  0.421875E-02
     1         13     1     3  0.340625E-01  0.340625E-01  0.500000E-02
     1         14     1     3  0.390625E-01  0.390625E-01  0.500000E-02
     1         15     1     3  0.440625E-01  0.440625E-01  0.500000E-02
     1         16     1     3  0.490625E-01  0.490625E-01  0.500000E-02
     1         17     1     3  0.540625E-01  0.540625E-01  0.500000E-02
     1         18     1     2  0.590625E-01  0.590625E-01  0.500000E-02
     1         19     1     2  0.640625E-01  0.640625E-01  0.500000E-02
     1         20     1     2  0.690625E-01  0.690625E-01  0.500000E-02
     1         21     1     2  0.740625E-01  0.740625E-01  0.500000E-02
     1         22     1     2  0.790625E-01  0.790625E-01  0.500000E-02
     1         23     1     2  0.840625E-01  0.840625E-01  0.500000E-02
     1         24     1     2  0.890625E-01  0.890625E-01  0.500000E-02
     1         25     1     3  0.940625E-01  0.940625E-01  0.500000E-02
     1         26     1     3  0.990625E-01  0.990625E-01  0.500000E-02
     1         27     1     3  0.104063E+00  0.104063E+00  0.500000E-02
     1         28     1     3  0.109063E+00  0.109063E+00  0.500000E-02
     1         29     1     2  0.114063E+00  0.114063E+00  0.500000E-02
     1         30     1     3  0.119063E+00  0.119063E+00  0.500000E-02
     1         31     1     2  0.124063E+00  0.124063E+00  0.500000E-02
     1         32     1     2  0.129063E+00  0.129063E+00  0.500000E-02
     1         33     1     3  0.134063E+00  0.134063E+00  0.500000E-02
     1         34     1     2  0.139063E+00  0.139063E+00  0.500000E-02
     1         35     1     2  0.144063E+00  0.144063E+00  0.500000E-02
     1         36     1     4  0.149063E+00  0.149063E+00  0.500000E-02
     1         37     1     5  0.154063E+00  0.154063E+00  0.500000E-02
     1         38     1     3  0.159063E+00  0.159063E+00  0.500000E-02
     1         39     1     2  0.164063E+00  0.164063E+00  0.500000E-02
     1         40     1     3  0.169063E+00  0.169063E+00  0.500000E-02
     1         41     1     2  0.174063E+00  0.174063E+00  0.500000E-02
     1         42     1     2  0.179063E+00  0.179063E+00  0.500000E-02
     1         43     1     2  0.184063E+00  0.184063E+00  0.500000E-02
     1         44     1     3  0.189063E+00  0.189063E+00  0.500000E-02
     1         45     1     2  0.194063E+00  0.194063E+00  0.500000E-02
     1         46     1     2  0.199063E+00  0.199063E+00  0.500000E-02
     1         47     1     2  0.204063E+00  0.204063E+00  0.500000E-02
     1         48     1     2  0.209063E+00  0.209063E+00  0.500000E-02
     1         49     1     2  0.214063E+00  0.214063E+00  0.500000E-02
     1         50     1     3  0.219063E+00  0.219063E+00  0.500000E-02
     1         51     1     2  0.224063E+00  0.224063E+00  0.500000E-02
     1         52     1     2  0.229063E+00  0.229063E+00  0.500000E-02
     1         53     1     2  0.234063E+00  0.234063E+00  0.500000E-02
     1         54     1     2  0.239063E+00  0.239063E+00  0.500000E-02
     1         55     1     2  0.244063E+00  0.244063E+00  0.500000E-02
     1         56     1     3  0.249063E+00  0.249063E+00  0.500000E-02
     1         57     1     3  0.254063E+00  0.254063E+00  0.500000E-02
     1         58     1     3  0.259063E+00  0.259063E+00  0.500000E-02
     1         59     1     3  0.264063E+00  0.264063E+00  0.500000E-02
     1         60     1     2  0.269063E+00  0.269063E+00  0.500000E-02
     1         61     1     3  0.274063E+00  0.274063E+00  0.500000E-02
     1         62     1     3  0.279063E+00  0.279063E+00  0.500000E-02
     1         63     1     2  0.284063E+00  0.284063E+00  0.500000E-02
     1         64     1     3  0.289063E+00  0.289063E+00  0.500000E-02
     1         65     1     2  0.294063E+00  0.294063E+00  0.500000E-02
     1         66     1     3  0.299063E+00  0.299063E+00  0.500000E-02
     1         67     1     2  0.304063E+00  0.304063E+00  0.500000E-02
     1         68     1     2  0.309063E+00  0.309063E+00  0.500000E-02
     1         69     1     2  0.314063E+00  0.314063E+00  0.500000E-02
     1         70     1     3  0.319063E+00  0.319063E+00  0.500000E-02
     1         71     1     2  0.324063E+00  0.324063E+00  0.500000E-02
     1         72     1     2  0.329063E+00  0.329063E+00  0.500000E-02
     1         73     1     2  0.334063E+00  0.334063E+00  0.500000E-02
     1         74     1     4  0.339063E+00  0.339063E+00  0.500000E-02
     1         75     1     5  0.344063E+00  0.344063E+00  0.500000E-02
     1         76     1     4  0.349063E+00  0.349063E+00  0.500000E-02
     1         77     1     4  0.354063E+00  0.354063E+00  0.500000E-02
     1         78     1     4  0.359063E+00  0.359063E+00  0.500000E-02
     1         79     1     3  0.364063E+00  0.364063E+00  0.500000E-02
     1         80     1     3  0.369063E+00  0.369063E+00  0.500000E-02
     1         81     1     3  0.374063E+00  0.374063E+00  0.500000E-02
     1         82     1     3  0.379063E+00  0.379063E+00  0.500000E-02
     1         83     1     3  0.384063E+00  0.384063E+00  0.500000E-02
     1         84     1     2  0.389063E+00  0.389063E+00  0.500000E-02
     1         85     1     3  0.394063E+00  0.394063E+00  0.500000E-02
     1         86     1     2  0.399063E+00  0.399063E+00  0.500000E-02
     1         87     1     3  0.404063E+00  0.404063E+00  0.500000E-02
     1         88     1     2  0.409063E+00  0.409063E+00  0.500000E-02
     1         89     1     3  0.414063E+00  0.414063E+00  0.500000E-02
     1         90     1     4  0.419063E+00  0.419063E+00  0.500000E-02
     1         91     1     2  0.424063E+00  0.424063E+00  0.500000E-02
     1         92     1     2  0.429063E+00  0.429063E+00  0.500000E-02
     1         93     1     2  0.434063E+00  0.434063E+00  0.500000E-02
     1         94     1     2  0.439063E+00  0.439063E+00  0.500000E-02
     1         95     1     3  0.444063E+00  0.444063E+00  0.500000E-02
     1         96     1     2  0.449063E+00  0.449063E+00  0.500000E-02
     1         97     1     3  0.454063E+00  0.454063E+00  0.500000E-02
     1         98     1     2  0.459063E+00  0.459063E+00  0.500000E-02
     1         99     1     3  0.464063E+00  0.464063E+00  0.500000E-02
     1        100     1     3  0.469063E+00  0.469063E+00  0.500000E-02
     1        101     1     3  0.474063E+00  0.474063E+00  0.500000E-02
     1        102     1     3  0.479063E+00  0.479063E+00  0.500000E-02
     1        103     1     3  0.484063E+00  0.484063E+00  0.500000E-02
     1        104     1     3  0.489063E+00  0.489063E+00  0.500000E-02
     1        105     1     3  0.494063E+00  0.494063E+00  0.500000E-02
     1        106     1     3  0.499063E+00  0.499063E+00  0.500000E-02
     1        107     1     3  0.504063E+00  0.504063E+00  0.500000E-02
     1        108     1     3  0.509063E+00  0.509063E+00  0.500000E-02
     1        109     1     2  0.514063E+00  0.514063E+00  0.500000E-02
     1        110     1     4  0.519063E+00  0.519063E+00  0.500000E-02
     1        111     1     3  0.524063E+00  0.524063E+00  0.500000E-02
     1        112     1     4  0.529063E+00  0.529063E+00  0.500000E-02
     1        113     1     3  0.534063E+00  0.534063E+00  0.500000E-02
     1        114     1     4  0.539063E+00  0.539063E+00  0.500000E-02
     1        115     1     3  0.544063E+00  0.544063E+00  0.500000E-02
     1        116     1     3  0.549063E+00  0.549063E+00  0.500000E-02
     1        117     1     3  0.554063E+00  0.554063E+00  0.500000E-02
     1        118     1     3  0.559063E+00  0.559063E+00  0.500000E-02
     1        119     1     3  0.564063E+00  0.564063E+00  0.500000E-02
     1        120     1     3  0.569063E+00  0.569063E+00  0.500000E-02
     1        121     1     3  0.574063E+00  0.574063E+00  0.500000E-02
     1        122     1     3  0.579063E+00  0.579063E+00  0.500000E-02
     1        123     1     2  0.584063E+00  0.584063E+00  0.500000E-02
     1        124     1     3  0.589063E+00  0.589063E+00  0.500000E-02
     1        125     1     2  0.594063E+00  0.594063E+00  0.500000E-02
     1        126     1     2  0.599063E+00  0.599063E+00  0.500000E-02
     1        127     1     3  0.604063E+00  0.604063E+00  0.500000E-02
     1        128     1     2  0.609063E+00  0.609063E+00  0.500000E-02
     1        129     1     2  0.614063E+00  0.614063E+00  0.500000E-02
     1        130     1     2  0.619063E+00  0.619063E+00  0.500000E-02
     1        131     1     2  0.624063E+00  0.624063E+00  0.500000E-02
     1        132     1     2  0.629063E+00  0.629063E+00  0.500000E-02
     1        133     1     2  0.634063E+00  0.634063E+00  0.500000E-02
     1        134     1     3  0.639063E+00  0.639063E+00  0.500000E-02
     1        135     1     2  0.644063E+00  0.644063E+00  0.500000E-02
     1        136     1     2  0.649063E+00  0.649063E+00  0.500000E-02
     1        137     1     3  0.654063E+00  0.654063E+00  0.500000E-02
     1        138     1     2  0.659063E+00  0.659063E+00  0.500000E-02
     1        139     1     2  0.664063E+00  0.664063E+00  0.500000E-02
     1        140     1     2  0.669063E+00  0.669063E+00  0.500000E-02
     1        141     1     3  0.674063E+00  0.674063E+00  0.500000E-02
     1        142     1     3  0.679063E+00  0.679063E+00  0.500000E-02
     1        143     1     3  0.684063E+00  0.684063E+00  0.500000E-02
     1        144     1     2  0.689063E+00  0.689063E+00  0.500000E-02
     1        145     1     2  0.694063E+00  0.694063E+00  0.500000E-02
     1        146     1     2  0.699063E+00  0.699063E+00  0.500000E-02
     1        147     1     2  0.704063E+00  0.704063E+00  0.500000E-02
     1        148     1     2  0.709063E+00  0.709063E+00  0.500000E-02
     1        149     1     3  0.714063E+00  0.714063E+00  0.500000E-02
     1        150     1     3  0.719063E+00  0.719063E+00  0.500000E-02
     1        151     1     3  0.724063E+00  0.724063E+00  0.500000E-02
     1        152     1     3  0.729063E+00  0.729063E+00  0.500000E-02
     1        153     1     3  0.734063E+00  0.734063E+00  0.500000E-02
     1        154     1     3  0.739063E+00  0.739063E+00  0.500000E-02
     1        155     1     3  0.744063E+00  0.744063E+00  0.500000E-02
     1        156     1     3  0.749063E+00  0.749063E+00  0.500000E-02
     1        157     1     3  0.754063E+00  0.754063E+00  0.500000E-02
     1        158     1     3  0.759063E+00  0.759063E+00  0.500000E-02
     1        159     1     3  0.764063E+00  0.764063E+00  0.500000E-02
     1        160     1     3  0.769063E+00  0.769063E+00  0.500000E-02
     1        161     1     3  0.774063E+00  0.774063E+00  0.500000E-02
     1        162     1     3  0.779063E+00  0.779063E+00  0.500000E-02
     1        163     1     3  0.784063E+00  0.784063E+00  0.500000E-02
     1        164     1     3  0.789063E+00  0.789063E+00  0.500000E-02
     1        165     1     3  0.794063E+00  0.794063E+00  0.500000E-02
     1        166     1     3  0.799063E+00  0.799063E+00  0.500000E-02
     1        167     1     3  0.804063E+00  0.804063E+00  0.500000E-02
     1        168     1     3  0.809063E+00  0.809063E+00  0.500000E-02
     1        169     1     3  0.814063E+00  0.814063E+00  0.500000E-02
     1        170     1     3  0.819063E+00  0.819063E+00  0.500000E-02
     1        171     1     3  0.824063E+00  0.824063E+00  0.500000E-02
     1        172     1     3  0.829063E+00  0.829063E+00  0.500000E-02
     1        173     1     3  0.834063E+00  0.834063E+00  0.500000E-02
     1        174     1     3  0.839063E+00  0.839063E+00  0.500000E-02
     1        175     1     3  0.844063E+00  0.844063E+00  0.500000E-02
     1        176     1     3  0.849063E+00  0.849063E+00  0.500000E-02
     1        177     1     3  0.854063E+00  0.854063E+00  0.500000E-02
     1        178     1     3  0.859063E+00  0.859063E+00  0.500000E-02
     1        179     1     3  0.864063E+00  0.864063E+00  0.500000E-02
     1        180     1     2  0.869063E+00  0.869063E+00  0.500000E-02
     1        181     1     3  0.874063E+00  0.874063E+00  0.500000E-02
     1        182     1     2  0.879063E+00  0.879063E+00  0.500000E-02
     1        183     1     3  0.884063E+00  0.884063E+00  0.500000E-02
     1        184     1     3  0.889063E+00  0.889063E+00  0.500000E-02
     1        185     1     3  0.894063E+00  0.894063E+00  0.500000E-02
     1        186     1     3  0.899063E+00  0.899063E+00  0.500000E-02
     1        187     1     3  0.904063E+00  0.904063E+00  0.500000E-02
     1        188     1     3  0.909063E+00  0.909063E+00  0.500000E-02
     1        189     1     3  0.914063E+00  0.914063E+00  0.500000E-02
     1        190     1     3  0.919063E+00  0.919063E+00  0.500000E-02
     1        191     1     3  0.924063E+00  0.924063E+00  0.500000E-02
     1        192     1     3  0.929063E+00  0.929063E+00  0.500000E-02
     1        193     1     2  0.934063E+00  0.934063E+00  0.500000E-02
     1        194     1     3  0.939063E+00  0.939063E+00  0.500000E-02
     1        195     1     3  0.944063E+00  0.944063E+00  0.500000E-02
     1        196     1     3  0.949063E+00  0.949063E+00  0.500000E-02
     1        197     1     3  0.954063E+00  0.954063E+00  0.500000E-02
     1        198     1     3  0.959063E+00  0.959063E+00  0.500000E-02
     1        199     1     3  0.964063E+00  0.964063E+00  0.500000E-02
     1        200     1     4  0.969063E+00  0.969063E+00  0.500000E-02
     1        201     1     3  0.974063E+00  0.974063E+00  0.500000E-02
     1        202     1     2  0.979063E+00  0.979063E+00  0.500000E-02
     1        203     1     3  0.984063E+00  0.984063E+00  0.500000E-02
     1        204     1     2  0.989063E+00  0.989063E+00  0.500000E-02
     1        205     1     3  0.994063E+00  0.994063E+00  0.500000E-02
     1        206     1     3  0.999063E+00  0.999063E+00  0.500000E-02
     1        207     1     3  0.100000E+01  0.100000E+01  0.937500E-03
